ARM Linker, 5.03 [Build 76] [MDK-ARM Standard]

==============================================================================

Section Cross References

    main.o(i.main) refers to sys.o(i.IWDG_Init) for IWDG_Init
    main.o(i.main) refers to stm32f10x_rcc.o(i.RCC_GetClocksFreq) for RCC_GetClocksFreq
    main.o(i.main) refers to sys.o(i.NVIC_Configuration) for NVIC_Configuration
    main.o(i.main) refers to delay.o(i.delay_init) for delay_init
    main.o(i.main) refers to rtc.o(i.RTC_Init) for RTC_Init
    main.o(i.main) refers to 24cxx.o(i.AT24CXX_Init) for AT24CXX_Init
    main.o(i.main) refers to dac.o(i.DAC1_Init) for DAC1_Init
    main.o(i.main) refers to led.o(i.LED_Init) for LED_Init
    main.o(i.main) refers to inventr.o(i.RELAY_Init) for RELAY_Init
    main.o(i.main) refers to cd4051b.o(i.CD4051B_Init) for CD4051B_Init
    main.o(i.main) refers to timer.o(i.TIM2_Init) for TIM2_Init
    main.o(i.main) refers to pwm.o(i.TIM5_Int_Init) for TIM5_Int_Init
    main.o(i.main) refers to usart.o(i.USART1_Init) for USART1_Init
    main.o(i.main) refers to usart2.o(i.USART2_Init) for USART2_Init
    main.o(i.main) refers to usart.o(i.USART3_Init) for USART3_Init
    main.o(i.main) refers to usart.o(i.UART4_Init) for UART4_Init
    main.o(i.main) refers to usart.o(i.UART5_Init) for UART5_Init
    main.o(i.main) refers to malloc.o(i.mem_init) for mem_init
    main.o(i.main) refers to sys.o(i.IWDG_Feed) for IWDG_Feed
    main.o(i.main) refers to common.o(i.ReadParametersFromEEPROM) for ReadParametersFromEEPROM
    main.o(i.main) refers to rtos_task.o(i.AppObjCreate) for AppObjCreate
    main.o(i.main) refers to rtos_task.o(i.AppTaskCreate) for AppTaskCreate
    main.o(i.main) refers to tasks.o(i.vTaskStartScheduler) for vTaskStartScheduler
    main.o(i.main) refers to delay.o(i.delay_ms) for delay_ms
    main.o(i.main) refers to main.o(.bss) for .bss
    common.o(i.CRC16) refers to common.o(.data) for .data
    common.o(i.CRC32) refers to common.o(.constdata) for .constdata
    common.o(i.CopyStrToPointer) refers to malloc.o(i.myfree) for myfree
    common.o(i.CopyStrToPointer) refers to malloc.o(i.mymalloc) for mymalloc
    common.o(i.CopyStrToPointer) refers to rt_memclr.o(.text) for __aeabi_memclr
    common.o(i.CopyStrToPointer) refers to rt_memcpy_v6.o(.text) for __aeabi_memcpy
    common.o(i.GetAPN) refers to common.o(i.GetMemoryForString) for GetMemoryForString
    common.o(i.GetAPN) refers to common.o(.bss) for .bss
    common.o(i.GetAPN) refers to common.o(.data) for .data
    common.o(i.GetDeviceICCID) refers to common.o(i.GetMemoryForString) for GetMemoryForString
    common.o(i.GetDeviceICCID) refers to common.o(.bss) for .bss
    common.o(i.GetDeviceICCID) refers to common.o(.data) for .data
    common.o(i.GetDeviceID) refers to common.o(i.GetMemoryForString) for GetMemoryForString
    common.o(i.GetDeviceID) refers to common.o(.bss) for .bss
    common.o(i.GetDeviceID) refers to common.o(.data) for .data
    common.o(i.GetDeviceIMSI) refers to common.o(i.GetMemoryForString) for GetMemoryForString
    common.o(i.GetDeviceIMSI) refers to common.o(.bss) for .bss
    common.o(i.GetDeviceIMSI) refers to common.o(.data) for .data
    common.o(i.GetDeviceName) refers to common.o(i.GetMemoryForString) for GetMemoryForString
    common.o(i.GetDeviceName) refers to common.o(.bss) for .bss
    common.o(i.GetDeviceName) refers to common.o(.data) for .data
    common.o(i.GetDeviceUUID) refers to common.o(i.GetMemoryForString) for GetMemoryForString
    common.o(i.GetDeviceUUID) refers to common.o(.bss) for .bss
    common.o(i.GetDeviceUUID) refers to common.o(.data) for .data
    common.o(i.GetMemoryForString) refers to common.o(i.GetDatBit) for GetDatBit
    common.o(i.GetMemoryForString) refers to malloc.o(i.mymalloc) for mymalloc
    common.o(i.GetMemoryForString) refers to strlen.o(.text) for strlen
    common.o(i.GetMemoryForString) refers to malloc.o(i.myfree) for myfree
    common.o(i.GetMemoryForString) refers to rt_memclr.o(.text) for __aeabi_memclr
    common.o(i.GetMemoryForString) refers to common.o(i.IntToString) for IntToString
    common.o(i.GetMemoryForString) refers to rt_memcpy_v6.o(.text) for __aeabi_memcpy
    common.o(i.GetServerDomain) refers to common.o(i.GetMemoryForString) for GetMemoryForString
    common.o(i.GetServerDomain) refers to common.o(.bss) for .bss
    common.o(i.GetServerDomain) refers to common.o(.data) for .data
    common.o(i.GetServerIP) refers to common.o(i.GetMemoryForString) for GetMemoryForString
    common.o(i.GetServerIP) refers to common.o(.bss) for .bss
    common.o(i.GetServerIP) refers to common.o(.data) for .data
    common.o(i.GetServerPort) refers to common.o(i.GetMemoryForString) for GetMemoryForString
    common.o(i.GetServerPort) refers to common.o(.bss) for .bss
    common.o(i.GetServerPort) refers to common.o(.data) for .data
    common.o(i.GetSysTick100ms) refers to common.o(.data) for .data
[...]
    StrToHex                                 0x0800ded1   Thumb Code    76  common.o(i.StrToHex)
    StringToInt                              0x0800df1d   Thumb Code    84  common.o(i.StringToInt)
    SyncDataTimeFormBcxxModule               0x0800df71   Thumb Code   212  task_net.o(i.SyncDataTimeFormBcxxModule)
    SyncTimeFromNet                          0x0800e051   Thumb Code   204  rtc.o(i.SyncTimeFromNet)
    SysTick1msAdder                          0x0800e125   Thumb Code    10  common.o(i.SysTick1msAdder)
    SysTick_CLKSourceConfig                  0x0800e135   Thumb Code    24  misc.o(i.SysTick_CLKSourceConfig)
    SysTick_Handler                          0x0800e14d   Thumb Code    24  delay.o(i.SysTick_Handler)
    SystemInit                               0x0800e169   Thumb Code    64  system_stm32f10x.o(i.SystemInit)
    TIM2_IRQHandler                          0x0800e1b9   Thumb Code    96  timer.o(i.TIM2_IRQHandler)
    TIM2_Init                                0x0800e21d   Thumb Code    64  timer.o(i.TIM2_Init)
    TIM5_Int_Init                            0x0800e25d   Thumb Code   142  pwm.o(i.TIM5_Int_Init)
    TIM_ARRPreloadConfig                     0x0800e2f5   Thumb Code    20  stm32f10x_tim.o(i.TIM_ARRPreloadConfig)
    TIM_ClearITPendingBit                    0x0800e309   Thumb Code     6  stm32f10x_tim.o(i.TIM_ClearITPendingBit)
    TIM_Cmd                                  0x0800e30f   Thumb Code    20  stm32f10x_tim.o(i.TIM_Cmd)
    TIM_CtrlPWMOutputs                       0x0800e323   Thumb Code    22  stm32f10x_tim.o(i.TIM_CtrlPWMOutputs)
    TIM_GetITStatus                          0x0800e339   Thumb Code    24  stm32f10x_tim.o(i.TIM_GetITStatus)
    TIM_ITConfig                             0x0800e351   Thumb Code    16  stm32f10x_tim.o(i.TIM_ITConfig)
    TIM_OC2Init                              0x0800e361   Thumb Code   120  stm32f10x_tim.o(i.TIM_OC2Init)
    TIM_OC2PreloadConfig                     0x0800e3e1   Thumb Code    20  stm32f10x_tim.o(i.TIM_OC2PreloadConfig)
    TIM_SetCompare2                          0x0800e3f5   Thumb Code     4  stm32f10x_tim.o(i.TIM_SetCompare2)
    TIM_TimeBaseInit                         0x0800e3f9   Thumb Code   114  stm32f10x_tim.o(i.TIM_TimeBaseInit)
    UART4_IRQHandler                         0x0800e495   Thumb Code   138  usart.o(i.UART4_IRQHandler)
    UART4_Init                               0x0800e52d   Thumb Code   144  usart.o(i.UART4_Init)
    UART5_IRQHandler                         0x0800e5c5   Thumb Code   138  usart.o(i.UART5_IRQHandler)
    UART5_Init                               0x0800e65d   Thumb Code   206  usart.o(i.UART5_Init)
    USART1_IRQHandler                        0x0800e741   Thumb Code   138  usart.o(i.USART1_IRQHandler)
    USART1_Init                              0x0800e7d9   Thumb Code   138  usart.o(i.USART1_Init)
    USART2_IRQHandler                        0x0800e86d   Thumb Code   194  usart2.o(i.USART2_IRQHandler)
    USART2_Init                              0x0800e971   Thumb Code   184  usart2.o(i.USART2_Init)
    USART2_Write                             0x0800ea41   Thumb Code    60  usart2.o(i.USART2_Write)
    USART3_IRQHandler                        0x0800ea85   Thumb Code   138  usart.o(i.USART3_IRQHandler)
    USART3_Init                              0x0800eb1d   Thumb Code   146  usart.o(i.USART3_Init)
    USART_ClearFlag                          0x0800ebb9   Thumb Code     6  stm32f10x_usart.o(i.USART_ClearFlag)
    USART_Cmd                                0x0800ebbf   Thumb Code    20  stm32f10x_usart.o(i.USART_Cmd)
    USART_DeInit                             0x0800ebd5   Thumb Code    96  stm32f10x_usart.o(i.USART_DeInit)
    USART_GetFlagStatus                      0x0800ec49   Thumb Code    14  stm32f10x_usart.o(i.USART_GetFlagStatus)
    USART_GetITStatus                        0x0800ec57   Thumb Code    62  stm32f10x_usart.o(i.USART_GetITStatus)
    USART_ITConfig                           0x0800ec95   Thumb Code    48  stm32f10x_usart.o(i.USART_ITConfig)
    USART_Init                               0x0800ecc5   Thumb Code   176  stm32f10x_usart.o(i.USART_Init)
    USART_ReceiveData                        0x0800ed79   Thumb Code     8  stm32f10x_usart.o(i.USART_ReceiveData)
    USART_SendData                           0x0800ed81   Thumb Code     8  stm32f10x_usart.o(i.USART_SendData)
    UnPackAckPacket                          0x0800ed89   Thumb Code    74  net_protocol.o(i.UnPackAckPacket)
    UnPackSensorData                         0x0800edf5   Thumb Code   168  common.o(i.UnPackSensorData)
    UsageFault_Handler                       0x0800ee9d   Thumb Code     2  stm32f10x_it.o(i.UsageFault_Handler)
    Usart1FrameSend                          0x0800eea1   Thumb Code    66  usart.o(i.Usart1FrameSend)
    Usart1ReciveFrameEnd                     0x0800eef1   Thumb Code    32  usart.o(i.Usart1ReciveFrameEnd)
    Usart3FrameSend                          0x0800ef15   Thumb Code    66  usart.o(i.Usart3FrameSend)
    Usart3ReciveFrameEnd                     0x0800ef65   Thumb Code    32  usart.o(i.Usart3ReciveFrameEnd)
    Usart4FrameSend                          0x0800ef89   Thumb Code    66  usart.o(i.Usart4FrameSend)
    Usart4ReciveFrameEnd                     0x0800efd9   Thumb Code    32  usart.o(i.Usart4ReciveFrameEnd)
    Usart5FrameSend                          0x0800effd   Thumb Code    74  usart.o(i.Usart5FrameSend)
    Usart5ReciveFrameEnd                     0x0800f059   Thumb Code    32  usart.o(i.Usart5ReciveFrameEnd)
    UsartSendString                          0x0800f07d   Thumb Code    96  usart.o(i.UsartSendString)
    WriteDataFromHoldBufToEeprom             0x0800f0e5   Thumb Code    56  common.o(i.WriteDataFromHoldBufToEeprom)
    WriteOTAInfo                             0x0800f11d   Thumb Code   122  common.o(i.WriteOTAInfo)
    __ARM_fpclassify                         0x0800f19d   Thumb Code    40  fpclassify.o(i.__ARM_fpclassify)
    _is_digit                                0x0800f1c5   Thumb Code    14  __printf_wp.o(i._is_digit)
    _sys_exit                                0x0800f1d3   Thumb Code     2  usart.o(i._sys_exit)
    bcxx_get_AT_CCLK                         0x0800f1d5   Thumb Code    68  bcxx.o(i.bcxx_get_AT_CCLK)
    bcxx_get_AT_CGSN                         0x0800f23d   Thumb Code   120  bcxx.o(i.bcxx_get_AT_CGSN)
    bcxx_get_AT_CIMI                         0x0800f2e1   Thumb Code   108  bcxx.o(i.bcxx_get_AT_CIMI)
    bcxx_get_AT_CSQ                          0x0800f369   Thumb Code   104  bcxx.o(i.bcxx_get_AT_CSQ)
    bcxx_get_AT_NCCID                        0x0800f3ed   Thumb Code   110  bcxx.o(i.bcxx_get_AT_NCCID)
    bcxx_hard_init                           0x0800f47d   Thumb Code    80  bcxx.o(i.bcxx_hard_init)
    bcxx_hard_reset                          0x0800f4d5   Thumb Code    72  bcxx.o(i.bcxx_hard_reset)
    bcxx_set_AT_ATE                          0x0800f529   Thumb Code    44  bcxx.o(i.bcxx_set_AT_ATE)
    bcxx_set_AT_CEDRXS                       0x0800f561   Thumb Code    44  bcxx.o(i.bcxx_set_AT_CEDRXS)
    bcxx_set_AT_CELL_RESELECTION             0x0800f5a5   Thumb Code    20  bcxx.o(i.bcxx_set_AT_CELL_RESELECTION)
    bcxx_set_AT_CEREG                        0x0800f5e1   Thumb Code    44  bcxx.o(i.bcxx_set_AT_CEREG)
    bcxx_set_AT_CFUN                         0x0800f621   Thumb Code    46  bcxx.o(i.bcxx_set_AT_CFUN)
    bcxx_set_AT_CGATT                        0x0800f665   Thumb Code    44  bcxx.o(i.bcxx_set_AT_CGATT)
    bcxx_set_AT_CPSMS                        0x0800f6a5   Thumb Code    44  bcxx.o(i.bcxx_set_AT_CPSMS)
    bcxx_set_AT_CSCON                        0x0800f6e5   Thumb Code    44  bcxx.o(i.bcxx_set_AT_CSCON)
    bcxx_set_AT_NBAND                        0x0800f725   Thumb Code   120  bcxx.o(i.bcxx_set_AT_NBAND)
    bcxx_set_AT_NCDP                         0x0800f7b1   Thumb Code    48  bcxx.o(i.bcxx_set_AT_NCDP)
    bcxx_set_AT_NMGS                         0x0800f7f5   Thumb Code    50  bcxx.o(i.bcxx_set_AT_NMGS)
    bcxx_set_AT_NNMI                         0x0800f83d   Thumb Code    44  bcxx.o(i.bcxx_set_AT_NNMI)
    bcxx_set_AT_NRB                          0x0800f87d   Thumb Code    36  bcxx.o(i.bcxx_set_AT_NRB)
    bcxx_set_AT_QREGSWT                      0x0800f8b9   Thumb Code    44  bcxx.o(i.bcxx_set_AT_QREGSWT)
    bcxx_set_NATSPEED                        0x0800f8f9   Thumb Code   122  bcxx.o(i.bcxx_set_NATSPEED)
    bcxx_soft_init                           0x0800f9a9   Thumb Code   208  bcxx.o(i.bcxx_soft_init)
    cd4051b_set_channel                      0x0800fa9d   Thumb Code    70  cd4051b.o(i.cd4051b_set_channel)
    dali_get_DALIIN                          0x0800fae9   Thumb Code    20  dali.o(i.dali_get_DALIIN)
    dali_get_DALIOUT                         0x0800fb01   Thumb Code    16  dali.o(i.dali_get_DALIOUT)
    dali_get_flag                            0x0800fb15   Thumb Code     6  dali.o(i.dali_get_flag)
    dali_receive_data                        0x0800fb21   Thumb Code    48  dali.o(i.dali_receive_data)
    dali_receive_tick                        0x0800fb55   Thumb Code   192  dali.o(i.dali_receive_tick)
    dali_send_tick                           0x0800fc19   Thumb Code   162  dali.o(i.dali_send_tick)
    dali_set_DALIOUT                         0x0800fcc1   Thumb Code    22  dali.o(i.dali_set_DALIOUT)
    delay_init                               0x0800fcdd   Thumb Code    48  delay.o(i.delay_init)
    delay_ms                                 0x0800fd11   Thumb Code    50  delay.o(i.delay_ms)
    delay_us                                 0x0800fd4d   Thumb Code    62  delay.o(i.delay_us)
    fifo_get                                 0x0800fd91   Thumb Code    76  fifo.o(i.fifo_get)
    fifo_init                                0x0800fde1   Thumb Code    66  fifo.o(i.fifo_init)
    fifo_put                                 0x0800fe29   Thumb Code    60  fifo.o(i.fifo_put)
    find_str                                 0x0800fe69   Thumb Code    90  common.o(i.find_str)
    fputc                                    0x0800fec5   Thumb Code    18  usart.o(i.fputc)
    get_str1                                 0x0800fedd   Thumb Code   104  common.o(i.get_str1)
    main                                     0x0800ff45   Thumb Code   158  main.o(i.main)
    mem_free                                 0x0800fff1   Thumb Code    58  malloc.o(i.mem_free)
    mem_init                                 0x08010031   Thumb Code    34  malloc.o(i.mem_init)
    mem_malloc                               0x08010059   Thumb Code    90  malloc.o(i.mem_malloc)
    mem_perused                              0x080100b9   Thumb Code    38  malloc.o(i.mem_perused)
    memb_alloc                               0x080100e5   Thumb Code    38  memb.o(i.memb_alloc)
    memb_free                                0x0801010b   Thumb Code    44  memb.o(i.memb_free)
    memb_init                                0x08010137   Thumb Code    28  memb.o(i.memb_init)
    myfree                                   0x08010155   Thumb Code    16  malloc.o(i.myfree)
    mymalloc                                 0x08010169   Thumb Code    22  malloc.o(i.mymalloc)
    mymemset                                 0x08010185   Thumb Code    12  malloc.o(i.mymemset)
    nbiot_atoi                               0x08010191   Thumb Code    90  utils.o(i.nbiot_atoi)
    nbiot_sleep                              0x080101eb   Thumb Code     6  delay.o(i.nbiot_sleep)
    nbiot_udp_recv                           0x080101f1   Thumb Code    24  socket.o(i.nbiot_udp_recv)
    netif_rx                                 0x08010209   Thumb Code    72  bcxx.o(i.netif_rx)
    pvTaskIncrementMutexHeldCount            0x08010449   Thumb Code    18  tasks.o(i.pvTaskIncrementMutexHeldCount)
    pxPortInitialiseStack                    0x08010461   Thumb Code    28  port.o(i.pxPortInitialiseStack)
    register_cmd_handler                     0x08010481   Thumb Code    10  at_cmd.o(i.register_cmd_handler)
    ringbuf_clear                            0x08010491   Thumb Code    14  ringbuf.o(i.ringbuf_clear)
    ringbuf_elements                         0x0801049f   Thumb Code    12  ringbuf.o(i.ringbuf_elements)
    ringbuf_init                             0x080104ab   Thumb Code    14  ringbuf.o(i.ringbuf_init)
    ringbuf_put                              0x080104b9   Thumb Code    36  ringbuf.o(i.ringbuf_put)
    search_str                               0x080104dd   Thumb Code    24  common.o(i.search_str)
    uxListRemove                             0x080104f5   Thumb Code    36  list.o(i.uxListRemove)
    vListInitialise                          0x08010519   Thumb Code    22  list.o(i.vListInitialise)
    vListInitialiseItem                      0x0801052f   Thumb Code     6  list.o(i.vListInitialiseItem)
    vListInsert                              0x08010535   Thumb Code    48  list.o(i.vListInsert)
    vListInsertEnd                           0x08010565   Thumb Code    24  list.o(i.vListInsertEnd)
    vPortEnterCritical                       0x0801057d   Thumb Code    62  port.o(i.vPortEnterCritical)
    vPortExitCritical                        0x080105c5   Thumb Code    34  port.o(i.vPortExitCritical)
    vPortSetupTimerInterrupt                 0x080105ed   Thumb Code    26  port.o(i.vPortSetupTimerInterrupt)
    vTaskDelay                               0x0801060d   Thumb Code    94  tasks.o(i.vTaskDelay)
    vTaskHCI                                 0x08010675   Thumb Code   218  task_hci.o(i.vTaskHCI)
    vTaskLED                                 0x0801079d   Thumb Code   100  task_led.o(i.vTaskLED)
    vTaskMAIN                                0x08010809   Thumb Code   126  task_main.o(i.vTaskMAIN)
    vTaskMissedYield                         0x080108a5   Thumb Code     8  tasks.o(i.vTaskMissedYield)
    vTaskNET                                 0x080108b1   Thumb Code    98  task_net.o(i.vTaskNET)
    vTaskPlaceOnEventList                    0x08010919   Thumb Code    90  tasks.o(i.vTaskPlaceOnEventList)
    vTaskPriorityInherit                     0x0801097d   Thumb Code   124  tasks.o(i.vTaskPriorityInherit)
    vTaskSENSOR                              0x08010a01   Thumb Code   538  task_sensor.o(i.vTaskSENSOR)
    vTaskSetTimeOutState                     0x08010c81   Thumb Code    30  tasks.o(i.vTaskSetTimeOutState)
    vTaskStartScheduler                      0x08010ca5   Thumb Code    86  tasks.o(i.vTaskStartScheduler)
    vTaskSuspendAll                          0x08010d0d   Thumb Code    10  tasks.o(i.vTaskSuspendAll)
    vTaskSwitchContext                       0x08010d1d   Thumb Code    82  tasks.o(i.vTaskSwitchContext)
    xPortStartScheduler                      0x08010d79   Thumb Code   112  port.o(i.xPortStartScheduler)
    xPortSysTickHandler                      0x08010df5   Thumb Code    38  port.o(i.xPortSysTickHandler)
    xQueueCreateMutex                        0x08010e21   Thumb Code    74  queue.o(i.xQueueCreateMutex)
    xQueueGenericCreate                      0x08010e6b   Thumb Code   100  queue.o(i.xQueueGenericCreate)
    xQueueGenericReceive                     0x08010ed1   Thumb Code   372  queue.o(i.xQueueGenericReceive)
    xQueueGenericReset                       0x08011049   Thumb Code   126  queue.o(i.xQueueGenericReset)
    xQueueGenericSend                        0x080110cd   Thumb Code   352  queue.o(i.xQueueGenericSend)
    xTaskCheckForTimeOut                     0x08011231   Thumb Code   102  tasks.o(i.xTaskCheckForTimeOut)
    xTaskGenericCreate                       0x0801129d   Thumb Code   442  tasks.o(i.xTaskGenericCreate)
    xTaskGetSchedulerState                   0x08011469   Thumb Code    22  tasks.o(i.xTaskGetSchedulerState)
    xTaskIncrementTick                       0x08011485   Thumb Code   194  tasks.o(i.xTaskIncrementTick)
    xTaskPriorityDisinherit                  0x08011551   Thumb Code   144  tasks.o(i.xTaskPriorityDisinherit)
    xTaskRemoveFromEventList                 0x080115e9   Thumb Code   108  tasks.o(i.xTaskRemoveFromEventList)
    xTaskResumeAll                           0x0801165d   Thumb Code   182  tasks.o(i.xTaskResumeAll)
    _get_lc_ctype                            0x08011721   Thumb Code    44  lc_ctype_c.o(locale$$code)
    _get_lc_numeric                          0x0801174d   Thumb Code    44  lc_numeric_c.o(locale$$code)
    __fpl_dretinf                            0x08011779   Thumb Code    12  dretinf.o(x$fpl$dretinf)
    __aeabi_f2d                              0x08011785   Thumb Code     0  f2d.o(x$fpl$f2d)
    _f2d                                     0x08011785   Thumb Code    86  f2d.o(x$fpl$f2d)
    __aeabi_fadd                             0x080117dd   Thumb Code     0  faddsub_clz.o(x$fpl$fadd)
    _fadd                                    0x080117dd   Thumb Code   196  faddsub_clz.o(x$fpl$fadd)
    __aeabi_fdiv                             0x080118a1   Thumb Code     0  fdiv.o(x$fpl$fdiv)
    _fdiv                                    0x080118a1   Thumb Code   384  fdiv.o(x$fpl$fdiv)
    __aeabi_f2iz                             0x08011a25   Thumb Code     0  ffix.o(x$fpl$ffix)
    _ffix                                    0x08011a25   Thumb Code    54  ffix.o(x$fpl$ffix)
    __aeabi_f2uiz                            0x08011a5d   Thumb Code     0  ffixu.o(x$fpl$ffixu)
    _ffixu                                   0x08011a5d   Thumb Code    62  ffixu.o(x$fpl$ffixu)
    __aeabi_i2f                              0x08011a9d   Thumb Code     0  fflt_clz.o(x$fpl$fflt)
    _fflt                                    0x08011a9d   Thumb Code    48  fflt_clz.o(x$fpl$fflt)
    __aeabi_ui2f                             0x08011acd   Thumb Code     0  fflt_clz.o(x$fpl$ffltu)
    _ffltu                                   0x08011acd   Thumb Code    38  fflt_clz.o(x$fpl$ffltu)
    __aeabi_fmul                             0x08011af5   Thumb Code     0  fmul.o(x$fpl$fmul)
    _fmul                                    0x08011af5   Thumb Code   258  fmul.o(x$fpl$fmul)
    __fpl_fnaninf                            0x08011bf7   Thumb Code   140  fnaninf.o(x$fpl$fnaninf)
    __fpl_fretinf                            0x08011c83   Thumb Code    10  fretinf.o(x$fpl$fretinf)
    __aeabi_fsub                             0x08011c8d   Thumb Code     0  faddsub_clz.o(x$fpl$fsub)
    _fsub                                    0x08011c8d   Thumb Code   234  faddsub_clz.o(x$fpl$fsub)
    _printf_fp_dec                           0x08011d77   Thumb Code     4  printf1.o(x$fpl$printf1)
    __I$use$fp                               0x08011d7a   Number         0  usenofp.o(x$fpl$usenofp)
    table_week                               0x08011d7a   Data          12  rtc.o(.constdata)
    mon_table                                0x08011d86   Data          12  rtc.o(.constdata)
    _monlen                                  0x08011dcb   Data          12  _monlen.o(.constdata)
    Region$$Table$$Base                      0x08011e6c   Number         0  anon$$obj.o(Region$$Table)
    Region$$Table$$Limit                     0x08011e8c   Number         0  anon$$obj.o(Region$$Table)
    __ctype                                  0x08011e99   Data           0  lc_ctype_c.o(locale$$data)
    TimeGroupNumber                          0x20000000   Data           1  common.o(.data)
    HaveNewFirmWare                          0x20000001   Data           1  common.o(.data)
    NewFirmWareAdd                           0x20000002   Data           1  common.o(.data)
    LastBagByteNum                           0x20000003   Data           1  common.o(.data)
    Operators                                0x20000004   Data           1  common.o(.data)
    PowerINTFC                               0x20000005   Data           1  common.o(.data)
    TimeZone                                 0x20000006   Data           1  common.o(.data)
    LightLevelPercent                        0x20000007   Data           1  common.o(.data)
    NewFirmWareBagNum                        0x20000008   Data           2  common.o(.data)
    NewFirmWareVer                           0x2000000a   Data           2  common.o(.data)
    UpLoadINCL                               0x2000000c   Data           2  common.o(.data)
    RegularTimeWeekDay                       0x20000010   Data           4  common.o(.data)
    RegularTimeWeekEnd                       0x20000014   Data           4  common.o(.data)
    RegularTimeHoliday                       0x20000018   Data           4  common.o(.data)
    xMutex_STRATEGY                          0x2000001c   Data           4  common.o(.data)
    SysTick1ms                               0x20000020   Data           4  common.o(.data)
    SysTick10ms                              0x20000024   Data           4  common.o(.data)
    SysTick100ms                             0x20000028   Data           4  common.o(.data)
    SysTick1s                                0x2000002c   Data           4  common.o(.data)
    BootLoaderVersion                        0x20000030   Data           4  common.o(.data)
    SoftWareVersion                          0x20000034   Data           4  common.o(.data)
    HardWareVersion                          0x20000038   Data           4  common.o(.data)
    DeviceName                               0x2000003c   Data           4  common.o(.data)
    DeviceID                                 0x20000040   Data           4  common.o(.data)
    DeviceUUID                               0x20000044   Data           4  common.o(.data)
    DeviceICCID                              0x20000048   Data           4  common.o(.data)
    DeviceIMSI                               0x2000004c   Data           4  common.o(.data)
    APName                                   0x20000050   Data           4  common.o(.data)
    ServerDomain                             0x20000054   Data           4  common.o(.data)
    ServerIP                                 0x20000058   Data           4  common.o(.data)
    ServerPort                               0x2000005c   Data           4  common.o(.data)
    HolodayRange                             0x20000060   Data           6  common.o(.data)
    xMutex_IIC1                              0x20000268   Data           4  common.o(.data)
    xMutex_INVENTR                           0x2000026c   Data           4  common.o(.data)
    xMutex_AT_COMMAND                        0x20000270   Data           4  common.o(.data)
    xQueue_sensor                            0x20000274   Data           4  common.o(.data)
    NeedToReset                              0x20000278   Data           1  common.o(.data)
    GetTimeOK                                0x20000279   Data           1  common.o(.data)
    DeviceWorkMode                           0x2000027a   Data           1  common.o(.data)
    GpsInfo                                  0x2000027c   Data           4  common.o(.data)
    xHandleTaskLED                           0x20000280   Data           4  task_led.o(.data)
    xHandleTaskHCI                           0x20000284   Data           4  task_hci.o(.data)
    InputCurrent                             0x20000288   Data           4  task_sensor.o(.data)
    InputVoltage                             0x2000028c   Data           4  task_sensor.o(.data)
    InputFreq                                0x20000290   Data           4  task_sensor.o(.data)
    InputPowerP                              0x20000294   Data           4  task_sensor.o(.data)
    InputPowerQ                              0x20000298   Data           4  task_sensor.o(.data)
    InputPowerS                              0x2000029c   Data           4  task_sensor.o(.data)
    InputEnergyP                             0x200002a0   Data           4  task_sensor.o(.data)
    InputEnergyQ                             0x200002a4   Data           4  task_sensor.o(.data)
    InputEnergyS                             0x200002a8   Data           4  task_sensor.o(.data)
    p_tSensorMsg                             0x200002ac   Data           4  task_sensor.o(.data)
    xHandleTaskSENSOR                        0x200002b0   Data           4  task_sensor.o(.data)
    xHandleTaskNET                           0x200002b4   Data           4  task_net.o(.data)
    ConnectState                             0x200002b8   Data           1  task_net.o(.data)
    SendDeviceUUID_OK                        0x200002b9   Data           1  task_net.o(.data)
    SignalIntensity                          0x200002ba   Data           1  task_net.o(.data)
    p_tSensorMsgNet                          0x200002bc   Data           4  task_net.o(.data)
    xHandleTaskMAIN                          0x200002c8   Data           4  task_main.o(.data)
    MirrorLightLevelPercent                  0x200002cc   Data           1  task_main.o(.data)
    MirrorPowerINTFC                         0x200002cd   Data           1  task_main.o(.data)
    SystemCoreClock                          0x200002d0   Data           4  system_stm32f10x.o(.data)
    AHBPrescTable                            0x200002d4   Data          16  system_stm32f10x.o(.data)
    Usart1RecvEnd                            0x200002ee   Data           1  usart.o(.data)
    Usart1Busy                               0x200002ef   Data           1  usart.o(.data)
    Usart3RecvEnd                            0x200002f0   Data           1  usart.o(.data)
    Usart3Busy                               0x200002f1   Data           1  usart.o(.data)
    Usart4RecvEnd                            0x200002f2   Data           1  usart.o(.data)
    Usart4Busy                               0x200002f3   Data           1  usart.o(.data)
    Usart5RecvEnd                            0x200002f4   Data           1  usart.o(.data)
    Usart5Busy                               0x200002f5   Data           1  usart.o(.data)
    Usart1RxCnt                              0x200002f6   Data           2  usart.o(.data)
    OldUsart1RxCnt                           0x200002f8   Data           2  usart.o(.data)
    Usart1FrameLen                           0x200002fa   Data           2  usart.o(.data)
    Usart1SendLen                            0x200002fc   Data           2  usart.o(.data)
    Usart1SendNum                            0x200002fe   Data           2  usart.o(.data)
    Usart3RxCnt                              0x20000300   Data           2  usart.o(.data)
    OldUsart3RxCnt                           0x20000302   Data           2  usart.o(.data)
    Usart3FrameLen                           0x20000304   Data           2  usart.o(.data)
    Usart3SendLen                            0x20000306   Data           2  usart.o(.data)
    Usart3SendNum                            0x20000308   Data           2  usart.o(.data)
    Usart4RxCnt                              0x2000030a   Data           2  usart.o(.data)
    OldUsart4RxCnt                           0x2000030c   Data           2  usart.o(.data)
    Usart4FrameLen                           0x2000030e   Data           2  usart.o(.data)
    Usart4SendLen                            0x20000310   Data           2  usart.o(.data)
    Usart4SendNum                            0x20000312   Data           2  usart.o(.data)
    Usart5RxCnt                              0x20000314   Data           2  usart.o(.data)
    OldUsart5RxCnt                           0x20000316   Data           2  usart.o(.data)
    Usart5FrameLen                           0x20000318   Data           2  usart.o(.data)
    Usart5SendLen                            0x2000031a   Data           2  usart.o(.data)
    Usart5SendNum                            0x2000031c   Data           2  usart.o(.data)
    __stdout                                 0x20000320   Data           4  usart.o(.data)
    rsp_ok                                   0x20000328   Data           1  usart2.o(.data)
    dl_buf_id                                0x20000329   Data           1  usart2.o(.data)
    Temperature                              0x2000033c   Data           4  sht2x.o(.data)
    Humidity                                 0x20000340   Data           4  sht2x.o(.data)
    Illumination                             0x20000344   Data           4  bh1750.o(.data)
    InventrBusy                              0x20000348   Data           1  inventr.o(.data)
    InventrDisable                           0x20000349   Data           1  inventr.o(.data)
    InventrInPutCurrent                      0x20000354   Data           4  inventr.o(.data)
    InventrInPutVoltage                      0x20000358   Data           4  inventr.o(.data)
    InventrOutPutCurrent                     0x2000035c   Data           4  inventr.o(.data)
    InventrOutPutVoltage                     0x20000360   Data           4  inventr.o(.data)
    flag                                     0x20000394   Data           1  dali.o(.data)
    bit_count                                0x20000395   Data           1  dali.o(.data)
    bit_value                                0x20000396   Data           1  dali.o(.data)
    actual_val                               0x20000397   Data           1  dali.o(.data)
    former_val                               0x20000398   Data           1  dali.o(.data)
    recv_num                                 0x20000399   Data           1  dali.o(.data)
    recv_ok                                  0x2000039a   Data           1  dali.o(.data)
    tick_count                               0x2000039c   Data           2  dali.o(.data)
    send_num                                 0x2000039e   Data           2  dali.o(.data)
    bcxx_init_ok                             0x200003a0   Data           1  bcxx.o(.data)
    callback                                 0x200003a4   Data           4  at_cmd.o(.data)
    flag_ok                                  0x200003a8   Data           4  at_cmd.o(.data)
    result_ptr                               0x200003ac   Data           4  at_cmd.o(.data)
    time_out                                 0x200003c4   Data           2  net_protocol.o(.data)
    AT_ECHO                                  0x200003c6   Data           1  at_protoco.o(.data)
    pipe                                     0x200003c8   Data           8  fifo.o(.data)
    mallco_dev                               0x200003d0   Data          20  malloc.o(.data)
    pxCurrentTCB                             0x200003f0   Data           4  tasks.o(.data)
    xSchedulerRunning                        0x20000404   Data           4  tasks.o(.data)
    RCC_Clocks                               0x20000428   Data          20  main.o(.bss)
    HoldReg                                  0x2000043c   Data         512  common.o(.bss)
    calendar                                 0x2000063c   Data          10  rtc.o(.bss)
    Usart1RxBuf                              0x20000646   Data         256  usart.o(.bss)
    Usart1TxBuf                              0x20000746   Data         256  usart.o(.bss)
    Usart3RxBuf                              0x20000846   Data          16  usart.o(.bss)
    Usart3TxBuf                              0x20000856   Data          16  usart.o(.bss)
    Usart4RxBuf                              0x20000866   Data         128  usart.o(.bss)
    Usart4TxBuf                              0x200008e6   Data         128  usart.o(.bss)
    Usart5RxBuf                              0x20000966   Data         128  usart.o(.bss)
    Usart5TxBuf                              0x200009e6   Data         128  usart.o(.bss)
    ring_fifo                                0x20000a68   Data          12  usart2.o(.bss)
    ring_fifo1                               0x20000a74   Data          12  usart2.o(.bss)
    rx_fifo                                  0x20000a80   Data         512  usart2.o(.bss)
    rx_fifo1                                 0x20000c80   Data         512  usart2.o(.bss)
    AT_CommandBuf                            0x20001084   Data         208  at_protoco.o(.bss)
    membase                                  0x20001154   Data       32768  malloc.o(.bss)
    memmapbase                               0x20009154   Data        2048  malloc.o(.bss)
    __libspace_start                         0x20009a6c   Data          96  libspace.o(.bss)
    __temporary_stack_top$libspace           0x20009acc   Data           0  libspace.o(.bss)



==============================================================================

Memory Map of the image

  Image Entry point : 0x08008131

  Load Region LR_IROM1 (Base: 0x08008000, Size: 0x0000a3e0, Max: 0x0001c000, ABSOLUTE, COMPRESSED[0x0000a12c])

    Execution Region ER_IROM1 (Base: 0x08008000, Size: 0x00009fb8, Max: 0x0001c000, ABSOLUTE)

    Base Addr    Size         Type   Attr      Idx    E Section Name        Object

    0x08008000   0x00000130   Data   RO          906    RESET               startup_stm32f10x_hd.o
    0x08008130   0x00000008   Code   RO         6428  * !!!main             c_w.l(__main.o)
    0x08008138   0x00000034   Code   RO         6709    !!!scatter          c_w.l(__scatter.o)
    0x0800816c   0x0000005a   Code   RO         6707    !!dczerorl2         c_w.l(__dczerorl2.o)
    0x080081c6   0x00000002   PAD
    0x080081c8   0x0000001c   Code   RO         6711    !!handler_zi        c_w.l(__scatter_zi.o)
    0x080081e4   0x00000000   Code   RO         6400    .ARM.Collect$$_printf_percent$$00000000  c_w.l(_printf_percent.o)
    0x080081e4   0x00000006   Code   RO         6399    .ARM.Collect$$_printf_percent$$00000003  c_w.l(_printf_f.o)
    0x080081ea   0x00000006   Code   RO         6398    .ARM.Collect$$_printf_percent$$00000009  c_w.l(_printf_d.o)
    0x080081f0   0x00000006   Code   RO         6397    .ARM.Collect$$_printf_percent$$0000000C  c_w.l(_printf_x.o)
    0x080081f6   0x00000006   Code   RO         6396    .ARM.Collect$$_printf_percent$$00000014  c_w.l(_printf_s.o)
    0x080081fc   0x00000004   Code   RO         6497    .ARM.Collect$$_printf_percent$$00000017  c_w.l(_printf_percent_end.o)
    0x08008200   0x00000002   Code   RO         6638    .ARM.Collect$$libinit$$00000000  c_w.l(libinit.o)
    0x08008202   0x00000000   Code   RO         6500    .ARM.Collect$$libinit$$00000002  c_w.l(libinit2.o)
    0x08008202   0x00000000   Code   RO         6503    .ARM.Collect$$libinit$$00000008  c_w.l(libinit2.o)
    0x08008202   0x00000000   Code   RO         6505    .ARM.Collect$$libinit$$0000000A  c_w.l(libinit2.o)
    0x08008202   0x00000000   Code   RO         6507    .ARM.Collect$$libinit$$0000000C  c_w.l(libinit2.o)
    0x08008202   0x00000006   Code   RO         6508    .ARM.Collect$$libinit$$0000000D  c_w.l(libinit2.o)
    0x08008208   0x00000000   Code   RO         6510    .ARM.Collect$$libinit$$0000000F  c_w.l(libinit2.o)
    0x08008208   0x0000000c   Code   RO         6511    .ARM.Collect$$libinit$$00000010  c_w.l(libinit2.o)
    0x08008214   0x00000000   Code   RO         6512    .ARM.Collect$$libinit$$00000011  c_w.l(libinit2.o)
    0x08008214   0x00000000   Code   RO         6514    .ARM.Collect$$libinit$$00000013  c_w.l(libinit2.o)
    0x08008214   0x0000000a   Code   RO         6515    .ARM.Collect$$libinit$$00000014  c_w.l(libinit2.o)
    0x0800821e   0x00000000   Code   RO         6516    .ARM.Collect$$libinit$$00000015  c_w.l(libinit2.o)
    0x0800821e   0x00000000   Code   RO         6518    .ARM.Collect$$libinit$$00000017  c_w.l(libinit2.o)
    0x0800821e   0x00000000   Code   RO         6520    .ARM.Collect$$libinit$$00000019  c_w.l(libinit2.o)
    0x0800821e   0x00000000   Code   RO         6522    .ARM.Collect$$libinit$$0000001B  c_w.l(libinit2.o)
    0x0800821e   0x00000000   Code   RO         6524    .ARM.Collect$$libinit$$0000001D  c_w.l(libinit2.o)
    0x0800821e   0x00000000   Code   RO         6526    .ARM.Collect$$libinit$$0000001F  c_w.l(libinit2.o)
    0x0800821e   0x00000000   Code   RO         6528    .ARM.Collect$$libinit$$00000021  c_w.l(libinit2.o)
    0x0800821e   0x00000000   Code   RO         6530    .ARM.Collect$$libinit$$00000023  c_w.l(libinit2.o)
    0x0800821e   0x00000000   Code   RO         6534    .ARM.Collect$$libinit$$0000002A  c_w.l(libinit2.o)
    0x0800821e   0x00000000   Code   RO         6536    .ARM.Collect$$libinit$$0000002C  c_w.l(libinit2.o)
    0x0800821e   0x00000000   Code   RO         6538    .ARM.Collect$$libinit$$0000002E  c_w.l(libinit2.o)
    0x0800821e   0x00000000   Code   RO         6540    .ARM.Collect$$libinit$$00000030  c_w.l(libinit2.o)
    0x0800821e   0x00000002   Code   RO         6541    .ARM.Collect$$libinit$$00000031  c_w.l(libinit2.o)
    0x08008220   0x00000002   Code   RO         6669    .ARM.Collect$$libshutdown$$00000000  c_w.l(libshutdown.o)
    0x08008222   0x00000000   Code   RO         6676    .ARM.Collect$$libshutdown$$00000003  c_w.l(libshutdown2.o)
    0x08008222   0x00000000   Code   RO         6679    .ARM.Collect$$libshutdown$$00000006  c_w.l(libshutdown2.o)
    0x08008222   0x00000000   Code   RO         6682    .ARM.Collect$$libshutdown$$00000009  c_w.l(libshutdown2.o)
    0x08008222   0x00000000   Code   RO         6684    .ARM.Collect$$libshutdown$$0000000B  c_w.l(libshutdown2.o)
    0x08008222   0x00000000   Code   RO         6687    .ARM.Collect$$libshutdown$$0000000E  c_w.l(libshutdown2.o)
    0x08008222   0x00000002   Code   RO         6688    .ARM.Collect$$libshutdown$$0000000F  c_w.l(libshutdown2.o)
    0x08008224   0x00000000   Code   RO         6482    .ARM.Collect$$rtentry$$00000000  c_w.l(rtentry.o)
    0x08008224   0x00000000   Code   RO         6552    .ARM.Collect$$rtentry$$00000002  c_w.l(rtentry2.o)
    0x08008224   0x00000006   Code   RO         6564    .ARM.Collect$$rtentry$$00000004  c_w.l(rtentry4.o)
    0x0800822a   0x00000000   Code   RO         6554    .ARM.Collect$$rtentry$$00000009  c_w.l(rtentry2.o)
    0x0800822a   0x00000004   Code   RO         6555    .ARM.Collect$$rtentry$$0000000A  c_w.l(rtentry2.o)
    0x0800822e   0x00000000   Code   RO         6557    .ARM.Collect$$rtentry$$0000000C  c_w.l(rtentry2.o)
    0x0800822e   0x00000008   Code   RO         6558    .ARM.Collect$$rtentry$$0000000D  c_w.l(rtentry2.o)
    0x08008236   0x00000002   Code   RO         6641    .ARM.Collect$$rtexit$$00000000  c_w.l(rtexit.o)
    0x08008238   0x00000000   Code   RO         6651    .ARM.Collect$$rtexit$$00000002  c_w.l(rtexit2.o)
    0x08008238   0x00000004   Code   RO         6652    .ARM.Collect$$rtexit$$00000003  c_w.l(rtexit2.o)
    0x0800823c   0x00000006   Code   RO         6653    .ARM.Collect$$rtexit$$00000004  c_w.l(rtexit2.o)
    0x08008242   0x00000002   PAD
    0x08008244   0x000000a2   Code   RO         5777    .emb_text           port.o
    0x080082e6   0x00000002   PAD
    0x080082e8   0x00000040   Code   RO          907    .text               startup_stm32f10x_hd.o
    0x08008328   0x00000002   Code   RO         6335    .text               c_w.l(use_no_semi_2.o)
    0x0800832a   0x0000001e   Code   RO         6337    .text               c_w.l(toupper.o)
    0x08008348   0x00000018   Code   RO         6343    .text               c_w.l(noretval__2printf.o)
    0x08008360   0x00000028   Code   RO         6345    .text               c_w.l(noretval__2sprintf.o)
    0x08008388   0x00000052   Code   RO         6349    .text               c_w.l(_printf_pad.o)
    0x080083da   0x00000052   Code   RO         6351    .text               c_w.l(_printf_str.o)
    0x0800842c   0x00000078   Code   RO         6353    .text               c_w.l(_printf_dec.o)
    0x080084a4   0x0000005c   Code   RO         6358    .text               c_w.l(_printf_hex_int.o)
    0x08008500   0x0000013c   Code   RO         6388    .text               c_w.l(__printf_flags_wp.o)
    0x0800863c   0x00000024   Code   RO         6406    .text               c_w.l(strstr.o)
    0x08008660   0x00000058   Code   RO         6408    .text               c_w.l(memcmp.o)
    0x080086b8   0x0000003e   Code   RO         6410    .text               c_w.l(strlen.o)
    0x080086f6   0x00000018   Code   RO         6412    .text               c_w.l(strcat.o)
    0x0800870e   0x0000008a   Code   RO         6414    .text               c_w.l(rt_memcpy_v6.o)
    0x08008798   0x00000064   Code   RO         6416    .text               c_w.l(rt_memcpy_w.o)
    0x080087fc   0x00000010   Code   RO         6418    .text               c_w.l(aeabi_memset.o)
    0x0800880c   0x00000044   Code   RO         6420    .text               c_w.l(rt_memclr.o)
    0x08008850   0x0000004e   Code   RO         6422    .text               c_w.l(rt_memclr_w.o)
    0x0800889e   0x00000002   PAD
    0x080088a0   0x000001a4   Code   RO         6424    .text               c_w.l(mktime.o)
    0x08008a44   0x00000006   Code   RO         6426    .text               c_w.l(heapauxi.o)
    0x08008a4a   0x00000002   Code   RO         6480    .text               c_w.l(use_no_semi.o)
    0x08008a4c   0x00000010   Code   RO         6483    .text               c_w.l(rt_ctype_table.o)
    0x08008a5c   0x000000b8   Code   RO         6485    .text               c_w.l(_printf_intcommon.o)
    0x08008b14   0x00000420   Code   RO         6487    .text               c_w.l(_printf_fp_dec.o)
    0x08008f34   0x00000030   Code   RO         6489    .text               c_w.l(_printf_char_common.o)
    0x08008f64   0x0000000a   Code   RO         6491    .text               c_w.l(_sputc.o)
    0x08008f6e   0x0000002c   Code   RO         6493    .text               c_w.l(_printf_char.o)
    0x08008f9a   0x00000002   PAD
    0x08008f9c   0x00000024   Code   RO         6495    .text               c_w.l(_printf_char_file.o)
    0x08008fc0   0x00000008   Code   RO         6569    .text               c_w.l(rt_locale_intlibspace.o)
    0x08008fc8   0x0000008a   Code   RO         6571    .text               c_w.l(lludiv10.o)
    0x08009052   0x00000002   PAD
    0x08009054   0x00000080   Code   RO         6573    .text               c_w.l(_printf_fp_infnan.o)
    0x080090d4   0x000000e4   Code   RO         6577    .text               c_w.l(bigflt0.o)
    0x080091b8   0x00000008   Code   RO         6602    .text               c_w.l(ferror.o)
    0x080091c0   0x00000008   Code   RO         6620    .text               c_w.l(libspace.o)
    0x080091c8   0x0000004a   Code   RO         6623    .text               c_w.l(sys_stackheap_outer.o)
    0x08009212   0x0000000c   Code   RO         6625    .text               c_w.l(exit.o)
    0x0800921e   0x00000002   PAD
    0x08009220   0x00000080   Code   RO         6627    .text               c_w.l(strcmpv7m.o)
    0x080092a0   0x0000003e   Code   RO         6580    CL$$btod_d2e        c_w.l(btod.o)
    0x080092de   0x00000046   Code   RO         6582    CL$$btod_d2e_denorm_low  c_w.l(btod.o)
    0x08009324   0x00000060   Code   RO         6581    CL$$btod_d2e_norm_op1  c_w.l(btod.o)
    0x08009384   0x00000338   Code   RO         6590    CL$$btod_div_common  c_w.l(btod.o)
    0x080096bc   0x000000c6   Code   RO         6587    CL$$btod_e2e        c_w.l(btod.o)
    0x08009782   0x00000028   Code   RO         6584    CL$$btod_ediv       c_w.l(btod.o)
    0x080097aa   0x00000028   Code   RO         6583    CL$$btod_emul       c_w.l(btod.o)
    0x080097d2   0x00000244   Code   RO         6589    CL$$btod_mult_common  c_w.l(btod.o)
    0x08009a16   0x00000004   Code   RO         1473    i.AT24CXX_Init      24cxx.o
    0x08009a1a   0x00000002   PAD
    0x08009a1c   0x00000074   Code   RO         1476    i.AT24CXX_ReadOneByte  24cxx.o
    0x08009a90   0x0000002a   Code   RO         1478    i.AT24CXX_WriteLenByte  24cxx.o
    0x08009aba   0x00000002   PAD
    0x08009abc   0x00000094   Code   RO         1479    i.AT24CXX_WriteOneByte  24cxx.o
    0x08009b50   0x000000c8   Code   RO         5153    i.AT_CommandAPN     at_protoco.o
    0x08009c18   0x00000038   Code   RO         5154    i.AT_CommandCSQ     at_protoco.o
    0x08009c50   0x0000011c   Code   RO         5155    i.AT_CommandDEVID   at_protoco.o
    0x08009d6c   0x000000d8   Code   RO         5156    i.AT_CommandDEVNAME  at_protoco.o
    0x08009e44   0x000000d0   Code   RO         5157    i.AT_CommandDOMAIN  at_protoco.o
    0x08009f14   0x000002a4   Code   RO         5158    i.AT_CommandDataAnalysis  at_protoco.o
    0x0800a1b8   0x0000006c   Code   RO         5159    i.AT_CommandGMR     at_protoco.o
    0x0800a224   0x00000048   Code   RO         5160    i.AT_CommandGPS     at_protoco.o
    0x0800a26c   0x0000004c   Code   RO         5161    i.AT_CommandHUMI    at_protoco.o
    0x0800a2b8   0x000000c4   Code   RO         5162    i.AT_CommandINCL    at_protoco.o
    0x0800a37c   0x00000050   Code   RO         5163    i.AT_CommandINCURRENT  at_protoco.o
    0x0800a3cc   0x00000088   Code   RO         5164    i.AT_CommandINTFC   at_protoco.o
    0x0800a454   0x00000050   Code   RO         5165    i.AT_CommandINVOLTAGE  at_protoco.o
    0x0800a4a4   0x000000d4   Code   RO         5166    i.AT_CommandIPADDRESS  at_protoco.o
    0x0800a578   0x000004f0   Code   RO         5167    i.AT_CommandInit    at_protoco.o
    0x0800aa68   0x00000050   Code   RO         5168    i.AT_CommandLUMEN   at_protoco.o
    0x0800aab8   0x00000074   Code   RO         5169    i.AT_CommandMODE    at_protoco.o
    0x0800ab2c   0x00000088   Code   RO         5170    i.AT_CommandOPERATORS  at_protoco.o
    0x0800abb4   0x00000050   Code   RO         5171    i.AT_CommandOUTCURRENT  at_protoco.o
    0x0800ac04   0x00000050   Code   RO         5172    i.AT_CommandOUTVOLTAGE  at_protoco.o
    0x0800ac54   0x000000bc   Code   RO         5173    i.AT_CommandPERCENT  at_protoco.o
    0x0800ad10   0x000000d4   Code   RO         5174    i.AT_CommandPORT    at_protoco.o
    0x0800ade4   0x00000080   Code   RO         5175    i.AT_CommandPWRCTL  at_protoco.o
    0x0800ae64   0x0000004c   Code   RO         5177    i.AT_CommandTEMP    at_protoco.o
    0x0800aeb0   0x00000068   Code   RO         5178    i.AT_CommandTIME    at_protoco.o
    0x0800af18   0x000000b4   Code   RO         5179    i.AT_CommandTIMEOFFSET  at_protoco.o
    0x0800afcc   0x000000c4   Code   RO         5180    i.AT_CommandUUID    at_protoco.o
    0x0800b090   0x00000050   Code   RO          642    i.AppObjCreate      rtos_task.o
    0x0800b0e0   0x000000e4   Code   RO          643    i.AppTaskCreate     rtos_task.o
    0x0800b1c4   0x0000003c   Code   RO         1695    i.Att7059xGetChannel1PowerP  att7059x.o
    0x0800b200   0x0000003c   Code   RO         1696    i.Att7059xGetChannel1PowerQ  att7059x.o
    0x0800b23c   0x0000003c   Code   RO         1697    i.Att7059xGetChannel1PowerS  att7059x.o
    0x0800b278   0x0000003c   Code   RO         1698    i.Att7059xGetCurrent1  att7059x.o
    0x0800b2b4   0x00000030   Code   RO         1700    i.Att7059xGetEnergyP  att7059x.o
    0x0800b2e4   0x00000030   Code   RO         1701    i.Att7059xGetEnergyQ  att7059x.o
    0x0800b314   0x00000030   Code   RO         1702    i.Att7059xGetEnergyS  att7059x.o
    0x0800b344   0x0000003c   Code   RO         1704    i.Att7059xGetVoltage  att7059x.o
    0x0800b380   0x00000034   Code   RO         1706    i.Att7059xGetVoltageFreq  att7059x.o
    0x0800b3b4   0x000000a4   Code   RO         1707    i.Att7059xReadOperate  att7059x.o
    0x0800b458   0x00000224   Code   RO          818    i.AutoLoopRegularTimeGroups  task_main.o
    0x0800b67c   0x00000012   Code   RO         2370    i.BKP_DeInit        stm32f10x_bkp.o
    0x0800b68e   0x00000002   PAD
    0x0800b690   0x00000010   Code   RO         2375    i.BKP_ReadBackupRegister  stm32f10x_bkp.o
    0x0800b6a0   0x00000010   Code   RO         2379    i.BKP_WriteBackupRegister  stm32f10x_bkp.o
    0x0800b6b0   0x00000002   Code   RO          848    i.BusFault_Handler  stm32f10x_it.o
    0x0800b6b2   0x00000002   PAD
    0x0800b6b4   0x0000002c   Code   RO         1859    i.CD4051B_Init      cd4051b.o
    0x0800b6e0   0x00000030   Code   RO          240    i.CRC16             common.o
    0x0800b710   0x0000001c   Code   RO         1709    i.CalAtt7059CheckSum  att7059x.o
    0x0800b72c   0x0000005c   Code   RO         5059    i.ControlDeviceReset  net_protocol.o
    0x0800b788   0x00000078   Code   RO         5060    i.ControlLightLevel  net_protocol.o
    0x0800b800   0x00000036   Code   RO          243    i.CopyStrToPointer  common.o
    0x0800b836   0x00000002   PAD
    0x0800b838   0x00000060   Code   RO         1455    i.DAC1_Init         dac.o
    0x0800b898   0x00000018   Code   RO         2733    i.DAC_Cmd           stm32f10x_dac.o
    0x0800b8b0   0x00000028   Code   RO         2738    i.DAC_Init          stm32f10x_dac.o
    0x0800b8d8   0x00000014   Code   RO         2739    i.DAC_SetChannel1Data  stm32f10x_dac.o
    0x0800b8ec   0x0000003c   Code   RO         1456    i.Dac1SetOutPutVoltage  dac.o
    0x0800b928   0x00000002   Code   RO          849    i.DebugMon_Handler  stm32f10x_it.o
    0x0800b92a   0x00000020   Code   RO         1793    i.EXTI15_10_IRQHandler  dali.o
    0x0800b94a   0x00000002   PAD
    0x0800b94c   0x0000000c   Code   RO         2908    i.EXTI_ClearITPendingBit  stm32f10x_exti.o
    0x0800b958   0x00000020   Code   RO         2912    i.EXTI_GetITStatus  stm32f10x_exti.o
    0x0800b978   0x00000070   Code   RO         2913    i.EXTI_Init         stm32f10x_exti.o
    0x0800b9e8   0x00000098   Code   RO         3259    i.GPIO_Init         stm32f10x_gpio.o
    0x0800ba80   0x00000058   Code   RO         3261    i.GPIO_PinRemapConfig  stm32f10x_gpio.o
    0x0800bad8   0x0000000e   Code   RO         3263    i.GPIO_ReadInputDataBit  stm32f10x_gpio.o
    0x0800bae6   0x00000004   Code   RO         3266    i.GPIO_ResetBits    stm32f10x_gpio.o
    0x0800baea   0x00000004   Code   RO         3267    i.GPIO_SetBits      stm32f10x_gpio.o
    0x0800baee   0x00000024   Code   RO          244    i.GetADV            common.o
    0x0800bb12   0x00000002   PAD
    0x0800bb14   0x00000020   Code   RO          245    i.GetAPN            common.o
    0x0800bb34   0x00000016   Code   RO          246    i.GetDatBit         common.o
    0x0800bb4a   0x00000002   PAD
    0x0800bb4c   0x00000020   Code   RO          247    i.GetDeviceICCID    common.o
    0x0800bb6c   0x00000020   Code   RO          248    i.GetDeviceID       common.o
    0x0800bb8c   0x00000020   Code   RO          249    i.GetDeviceIMSI     common.o
    0x0800bbac   0x00000020   Code   RO          250    i.GetDeviceName     common.o
    0x0800bbcc   0x00000020   Code   RO          251    i.GetDeviceUUID     common.o
    0x0800bbec   0x000000bc   Code   RO          252    i.GetMemoryForString  common.o
    0x0800bca8   0x00000020   Code   RO          253    i.GetServerDomain   common.o
    0x0800bcc8   0x00000020   Code   RO          254    i.GetServerIP       common.o
    0x0800bce8   0x00000020   Code   RO          255    i.GetServerPort     common.o
    0x0800bd08   0x0000000c   Code   RO          259    i.GetSysTick1s      common.o
    0x0800bd14   0x00000104   Code   RO         5061    i.GetTimeDateFromServer  net_protocol.o
    0x0800be18   0x00000020   Code   RO          850    i.HardFault_Handler  stm32f10x_it.o
    0x0800be38   0x00000038   Code   RO          260    i.HexToStr          common.o
    0x0800be70   0x00000050   Code   RO         1047    i.IIC1_Ack          iic1.o
    0x0800bec0   0x00000040   Code   RO         1048    i.IIC1_Init         iic1.o
    0x0800bf00   0x00000050   Code   RO         1049    i.IIC1_NAck         iic1.o
    0x0800bf50   0x00000074   Code   RO         1050    i.IIC1_Read_Byte    iic1.o
    0x0800bfc4   0x00000074   Code   RO         1051    i.IIC1_Send_Byte    iic1.o
    0x0800c038   0x00000050   Code   RO         1052    i.IIC1_Start        iic1.o
    0x0800c088   0x00000050   Code   RO         1053    i.IIC1_Stop         iic1.o
    0x0800c0d8   0x0000006c   Code   RO         1054    i.IIC1_Wait_Ack     iic1.o
    0x0800c144   0x00000010   Code   RO         3571    i.IWDG_Enable       stm32f10x_iwdg.o
    0x0800c154   0x00000004   Code   RO         1023    i.IWDG_Feed         sys.o
    0x0800c158   0x00000026   Code   RO         1024    i.IWDG_Init         sys.o
    0x0800c17e   0x00000002   PAD
    0x0800c180   0x00000010   Code   RO         3573    i.IWDG_ReloadCounter  stm32f10x_iwdg.o
    0x0800c190   0x0000000c   Code   RO         3574    i.IWDG_SetPrescaler  stm32f10x_iwdg.o
    0x0800c19c   0x0000000c   Code   RO         3575    i.IWDG_SetReload    stm32f10x_iwdg.o
    0x0800c1a8   0x0000000c   Code   RO         3576    i.IWDG_WriteAccessCmd  stm32f10x_iwdg.o
    0x0800c1b4   0x00000048   Code   RO          261    i.IntToString       common.o
    0x0800c1fc   0x0000016c   Code   RO         1620    i.InventrGetOutPutCurrent  inventr.o
    0x0800c368   0x0000016c   Code   RO         1621    i.InventrGetOutPutVoltage  inventr.o
    0x0800c4d4   0x0000011c   Code   RO         1622    i.InventrSetLightLevel  inventr.o
    0x0800c5f0   0x00000026   Code   RO         1158    i.Is_Leap_Year      rtc.o
    0x0800c616   0x00000002   PAD
    0x0800c618   0x00000034   Code   RO         1607    i.LED_Init          led.o
    0x0800c64c   0x00000002   Code   RO          851    i.MemManage_Handler  stm32f10x_it.o
    0x0800c64e   0x0000003c   Code   RO          262    i.MyStrstr          common.o
    0x0800c68a   0x00000002   Code   RO          852    i.NMI_Handler       stm32f10x_it.o
    0x0800c68c   0x000000d8   Code   RO         1025    i.NVIC_Configuration  sys.o
    0x0800c764   0x00000064   Code   RO         2110    i.NVIC_Init         misc.o
    0x0800c7c8   0x00000014   Code   RO         2111    i.NVIC_PriorityGroupConfig  misc.o
    0x0800c7dc   0x000000c4   Code   RO         5062    i.NetDataAnalysis   net_protocol.o
    0x0800c8a0   0x000000bc   Code   RO         5063    i.NetDataFrameHandle  net_protocol.o
    0x0800c95c   0x00000038   Code   RO          777    i.OnServerHandle    task_net.o
    0x0800c994   0x0000000c   Code   RO         1677    i.PWMSetLightLevel  pwm.o
    0x0800c9a0   0x0000000c   Code   RO         3613    i.PWR_BackupAccessCmd  stm32f10x_pwr.o
    0x0800c9ac   0x0000005c   Code   RO         5181    i.PackAT_CommandRespone  at_protoco.o
    0x0800ca08   0x00000004   Code   RO         5064    i.PackAckPacket     net_protocol.o
    0x0800ca0c   0x00000032   Code   RO          263    i.PackNetData       common.o
    0x0800ca3e   0x00000002   PAD
    0x0800ca40   0x00000018   Code   RO         3675    i.RCC_APB1PeriphClockCmd  stm32f10x_rcc.o
    0x0800ca58   0x00000018   Code   RO         3676    i.RCC_APB1PeriphResetCmd  stm32f10x_rcc.o
    0x0800ca70   0x00000018   Code   RO         3677    i.RCC_APB2PeriphClockCmd  stm32f10x_rcc.o
    0x0800ca88   0x00000018   Code   RO         3678    i.RCC_APB2PeriphResetCmd  stm32f10x_rcc.o
    0x0800caa0   0x0000000c   Code   RO         3680    i.RCC_BackupResetCmd  stm32f10x_rcc.o
    0x0800caac   0x00000094   Code   RO         3685    i.RCC_GetClocksFreq  stm32f10x_rcc.o
    0x0800cb40   0x00000030   Code   RO         3686    i.RCC_GetFlagStatus  stm32f10x_rcc.o
    0x0800cb70   0x00000020   Code   RO         3693    i.RCC_LSEConfig     stm32f10x_rcc.o
    0x0800cb90   0x0000000c   Code   RO         3700    i.RCC_RTCCLKCmd     stm32f10x_rcc.o
    0x0800cb9c   0x00000010   Code   RO         3701    i.RCC_RTCCLKConfig  stm32f10x_rcc.o
    0x0800cbac   0x00000034   Code   RO         1624    i.RELAY_Init        inventr.o
    0x0800cbe0   0x00000010   Code   RO         3874    i.RTC_ClearITPendingBit  stm32f10x_rtc.o
    0x0800cbf0   0x00000010   Code   RO         3875    i.RTC_EnterConfigMode  stm32f10x_rtc.o
    0x0800cc00   0x00000010   Code   RO         3876    i.RTC_ExitConfigMode  stm32f10x_rtc.o
    0x0800cc10   0x000000cc   Code   RO         1159    i.RTC_Get           rtc.o
    0x0800ccdc   0x00000014   Code   RO         3877    i.RTC_GetCounter    stm32f10x_rtc.o
    0x0800ccf0   0x00000020   Code   RO         3880    i.RTC_GetITStatus   stm32f10x_rtc.o
    0x0800cd10   0x0000004c   Code   RO         1160    i.RTC_Get_Week      rtc.o
    0x0800cd5c   0x0000001c   Code   RO         1161    i.RTC_IRQHandler    rtc.o
    0x0800cd78   0x00000018   Code   RO         3881    i.RTC_ITConfig      stm32f10x_rtc.o
    0x0800cd90   0x000000d6   Code   RO         1162    i.RTC_Init          rtc.o
    0x0800ce66   0x00000002   PAD
    0x0800ce68   0x000000d0   Code   RO         1163    i.RTC_Set           rtc.o
    0x0800cf38   0x00000020   Code   RO         3883    i.RTC_SetCounter    stm32f10x_rtc.o
    0x0800cf58   0x00000020   Code   RO         3884    i.RTC_SetPrescaler  stm32f10x_rtc.o
    0x0800cf78   0x00000010   Code   RO         3885    i.RTC_WaitForLastTask  stm32f10x_rtc.o
    0x0800cf88   0x00000018   Code   RO         3886    i.RTC_WaitForSynchro  stm32f10x_rtc.o
    0x0800cfa0   0x00000044   Code   RO          264    i.ReadAPN           common.o
    0x0800cfe4   0x00000068   Code   RO          265    i.ReadBootLoaderVersion  common.o
    0x0800d04c   0x0000004c   Code   RO          266    i.ReadDataFromEepromToHoldBuf  common.o
    0x0800d098   0x00000058   Code   RO          267    i.ReadDeviceICCID   common.o
    0x0800d0f0   0x00000040   Code   RO          268    i.ReadDeviceID      common.o
    0x0800d130   0x00000050   Code   RO          269    i.ReadDeviceIMSI    common.o
    0x0800d180   0x00000044   Code   RO          270    i.ReadDeviceName    common.o
    0x0800d1c4   0x00000054   Code   RO          271    i.ReadDeviceUUID    common.o
    0x0800d218   0x00000068   Code   RO          272    i.ReadHardWareVersion  common.o
    0x0800d280   0x00000050   Code   RO          274    i.ReadOTAInfo       common.o
    0x0800d2d0   0x0000002c   Code   RO          275    i.ReadOperators     common.o
    0x0800d2fc   0x00000054   Code   RO          276    i.ReadParametersFromEEPROM  common.o
    0x0800d350   0x0000002c   Code   RO          277    i.ReadPowerINTFCE   common.o
    0x0800d37c   0x00000128   Code   RO          278    i.ReadRegularTimeGroups  common.o
    0x0800d4a4   0x00000054   Code   RO          279    i.ReadServerDomain  common.o
    0x0800d4f8   0x00000050   Code   RO          280    i.ReadServerIP      common.o
    0x0800d548   0x00000044   Code   RO          281    i.ReadServerPort    common.o
    0x0800d58c   0x00000038   Code   RO          282    i.ReadSoftWareVersion  common.o
    0x0800d5c4   0x0000002c   Code   RO          284    i.ReadTimeZone      common.o
    0x0800d5f0   0x0000003c   Code   RO          285    i.ReadUpLoadINVL    common.o
    0x0800d62c   0x000000b8   Code   RO          286    i.RegularTimeGroupAdd  common.o
    0x0800d6e4   0x000000ec   Code   RO          287    i.RegularTimeGroupSub  common.o
    0x0800d7d0   0x00000026   Code   RO          288    i.RemoveAllStrategy  common.o
    0x0800d7f6   0x00000002   PAD
    0x0800d7f8   0x000000c8   Code   RO         2080    i.SendCmd           at_cmd.o
    0x0800d8c0   0x00000094   Code   RO          778    i.SendSensorDataToIOTPlatform  task_net.o
    0x0800d954   0x00000074   Code   RO         5065    i.SetDevicePowerIntfc  net_protocol.o
    0x0800d9c8   0x00000078   Code   RO         5066    i.SetDeviceUpLoadINCL  net_protocol.o
    0x0800da40   0x00000058   Code   RO         5067    i.SetDeviceWorkMode  net_protocol.o
    0x0800da98   0x00000084   Code   RO         1625    i.SetLightLevel     inventr.o
    0x0800db1c   0x0000019a   Code   RO         5068    i.SetRegularTimeGroups  net_protocol.o
    0x0800dcb6   0x00000002   PAD
    0x0800dcb8   0x000000a8   Code   RO          911    i.SetSysClockTo72   system_stm32f10x.o
    0x0800dd60   0x0000000c   Code   RO          289    i.SetSysTick1s      common.o
    0x0800dd6c   0x000000dc   Code   RO         5069    i.SetUpdateFirmWareInfo  net_protocol.o
    0x0800de48   0x00000088   Code   RO         5070    i.Set_GetDeviceUUID  net_protocol.o
    0x0800ded0   0x0000004c   Code   RO          290    i.StrToHex          common.o
    0x0800df1c   0x00000054   Code   RO          291    i.StringToInt       common.o
    0x0800df70   0x000000e0   Code   RO          779    i.SyncDataTimeFormBcxxModule  task_net.o
    0x0800e050   0x000000d4   Code   RO         1164    i.SyncTimeFromNet   rtc.o
    0x0800e124   0x00000010   Code   RO          294    i.SysTick1msAdder   common.o
    0x0800e134   0x00000018   Code   RO         2114    i.SysTick_CLKSourceConfig  misc.o
    0x0800e14c   0x0000001c   Code   RO          940    i.SysTick_Handler   delay.o
    0x0800e168   0x00000050   Code   RO          913    i.SystemInit        system_stm32f10x.o
    0x0800e1b8   0x00000064   Code   RO         1369    i.TIM2_IRQHandler   timer.o
    0x0800e21c   0x00000040   Code   RO         1370    i.TIM2_Init         timer.o
    0x0800e25c   0x00000098   Code   RO         1678    i.TIM5_Int_Init     pwm.o
    0x0800e2f4   0x00000014   Code   RO         4294    i.TIM_ARRPreloadConfig  stm32f10x_tim.o
    0x0800e308   0x00000006   Code   RO         4301    i.TIM_ClearITPendingBit  stm32f10x_tim.o
    0x0800e30e   0x00000014   Code   RO         4306    i.TIM_Cmd           stm32f10x_tim.o
    0x0800e322   0x00000016   Code   RO         4308    i.TIM_CtrlPWMOutputs  stm32f10x_tim.o
    0x0800e338   0x00000018   Code   RO         4327    i.TIM_GetITStatus   stm32f10x_tim.o
    0x0800e350   0x00000010   Code   RO         4331    i.TIM_ITConfig      stm32f10x_tim.o
    0x0800e360   0x00000080   Code   RO         4340    i.TIM_OC2Init       stm32f10x_tim.o
    0x0800e3e0   0x00000014   Code   RO         4343    i.TIM_OC2PreloadConfig  stm32f10x_tim.o
    0x0800e3f4   0x00000004   Code   RO         4368    i.TIM_SetCompare2   stm32f10x_tim.o
    0x0800e3f8   0x0000009c   Code   RO         4377    i.TIM_TimeBaseInit  stm32f10x_tim.o
    0x0800e494   0x00000098   Code   RO         1214    i.UART4_IRQHandler  usart.o
    0x0800e52c   0x00000098   Code   RO         1215    i.UART4_Init        usart.o
    0x0800e5c4   0x00000098   Code   RO         1216    i.UART5_IRQHandler  usart.o
    0x0800e65c   0x000000e4   Code   RO         1217    i.UART5_Init        usart.o
    0x0800e740   0x00000098   Code   RO         1218    i.USART1_IRQHandler  usart.o
    0x0800e7d8   0x00000094   Code   RO         1219    i.USART1_Init       usart.o
    0x0800e86c   0x00000104   Code   RO         1392    i.USART2_IRQHandler  usart2.o
    0x0800e970   0x000000d0   Code   RO         1393    i.USART2_Init       usart2.o
    0x0800ea40   0x00000044   Code   RO         1394    i.USART2_Write      usart2.o
    0x0800ea84   0x00000098   Code   RO         1220    i.USART3_IRQHandler  usart.o
    0x0800eb1c   0x0000009c   Code   RO         1221    i.USART3_Init       usart.o
    0x0800ebb8   0x00000006   Code   RO         4825    i.USART_ClearFlag   stm32f10x_usart.o
    0x0800ebbe   0x00000014   Code   RO         4829    i.USART_Cmd         stm32f10x_usart.o
    0x0800ebd2   0x00000002   PAD
    0x0800ebd4   0x00000074   Code   RO         4831    i.USART_DeInit      stm32f10x_usart.o
    0x0800ec48   0x0000000e   Code   RO         4832    i.USART_GetFlagStatus  stm32f10x_usart.o
    0x0800ec56   0x0000003e   Code   RO         4833    i.USART_GetITStatus  stm32f10x_usart.o
    0x0800ec94   0x00000030   Code   RO         4835    i.USART_ITConfig    stm32f10x_usart.o
    0x0800ecc4   0x000000b4   Code   RO         4836    i.USART_Init        stm32f10x_usart.o
    0x0800ed78   0x00000008   Code   RO         4843    i.USART_ReceiveData  stm32f10x_usart.o
    0x0800ed80   0x00000008   Code   RO         4846    i.USART_SendData    stm32f10x_usart.o
    0x0800ed88   0x0000006c   Code   RO         5071    i.UnPackAckPacket   net_protocol.o
    0x0800edf4   0x000000a8   Code   RO          295    i.UnPackSensorData  common.o
    0x0800ee9c   0x00000002   Code   RO          853    i.UsageFault_Handler  stm32f10x_it.o
    0x0800ee9e   0x00000002   PAD
    0x0800eea0   0x00000050   Code   RO         1222    i.Usart1FrameSend   usart.o
    0x0800eef0   0x00000024   Code   RO         1223    i.Usart1ReciveFrameEnd  usart.o
    0x0800ef14   0x00000050   Code   RO         1224    i.Usart3FrameSend   usart.o
    0x0800ef64   0x00000024   Code   RO         1225    i.Usart3ReciveFrameEnd  usart.o
    0x0800ef88   0x00000050   Code   RO         1226    i.Usart4FrameSend   usart.o
    0x0800efd8   0x00000024   Code   RO         1227    i.Usart4ReciveFrameEnd  usart.o
    0x0800effc   0x0000005c   Code   RO         1228    i.Usart5FrameSend   usart.o
    0x0800f058   0x00000024   Code   RO         1229    i.Usart5ReciveFrameEnd  usart.o
    0x0800f07c   0x00000068   Code   RO         1230    i.UsartSendString   usart.o
    0x0800f0e4   0x00000038   Code   RO          296    i.WriteDataFromHoldBufToEeprom  common.o
    0x0800f11c   0x00000080   Code   RO          297    i.WriteOTAInfo      common.o
    0x0800f19c   0x00000028   Code   RO         6618    i.__ARM_fpclassify  m_ws.l(fpclassify.o)
    0x0800f1c4   0x0000000e   Code   RO         6386    i._is_digit         c_w.l(__printf_wp.o)
    0x0800f1d2   0x00000002   Code   RO         1231    i._sys_exit         usart.o
    0x0800f1d4   0x00000068   Code   RO         1877    i.bcxx_get_AT_CCLK  bcxx.o
    0x0800f23c   0x000000a4   Code   RO         1879    i.bcxx_get_AT_CGSN  bcxx.o
    0x0800f2e0   0x00000088   Code   RO         1880    i.bcxx_get_AT_CIMI  bcxx.o
    0x0800f368   0x00000084   Code   RO         1881    i.bcxx_get_AT_CSQ   bcxx.o
    0x0800f3ec   0x00000090   Code   RO         1882    i.bcxx_get_AT_NCCID  bcxx.o
    0x0800f47c   0x00000058   Code   RO         1883    i.bcxx_hard_init    bcxx.o
    0x0800f4d4   0x00000054   Code   RO         1884    i.bcxx_hard_reset   bcxx.o
    0x0800f528   0x00000038   Code   RO         1885    i.bcxx_set_AT_ATE   bcxx.o
    0x0800f560   0x00000044   Code   RO         1886    i.bcxx_set_AT_CEDRXS  bcxx.o
    0x0800f5a4   0x0000003c   Code   RO         1887    i.bcxx_set_AT_CELL_RESELECTION  bcxx.o
    0x0800f5e0   0x00000040   Code   RO         1888    i.bcxx_set_AT_CEREG  bcxx.o
    0x0800f620   0x00000044   Code   RO         1889    i.bcxx_set_AT_CFUN  bcxx.o
    0x0800f664   0x00000040   Code   RO         1890    i.bcxx_set_AT_CGATT  bcxx.o
    0x0800f6a4   0x00000040   Code   RO         1891    i.bcxx_set_AT_CPSMS  bcxx.o
    0x0800f6e4   0x00000040   Code   RO         1892    i.bcxx_set_AT_CSCON  bcxx.o
    0x0800f724   0x0000008c   Code   RO         1893    i.bcxx_set_AT_NBAND  bcxx.o
    0x0800f7b0   0x00000044   Code   RO         1894    i.bcxx_set_AT_NCDP  bcxx.o
    0x0800f7f4   0x00000048   Code   RO         1895    i.bcxx_set_AT_NMGS  bcxx.o
    0x0800f83c   0x00000040   Code   RO         1896    i.bcxx_set_AT_NNMI  bcxx.o
    0x0800f87c   0x0000003c   Code   RO         1897    i.bcxx_set_AT_NRB   bcxx.o
    0x0800f8b8   0x00000040   Code   RO         1904    i.bcxx_set_AT_QREGSWT  bcxx.o
    0x0800f8f8   0x000000b0   Code   RO         1905    i.bcxx_set_NATSPEED  bcxx.o
    0x0800f9a8   0x000000f4   Code   RO         1906    i.bcxx_soft_init    bcxx.o
    0x0800fa9c   0x0000004c   Code   RO         1860    i.cd4051b_set_channel  cd4051b.o
    0x0800fae8   0x00000018   Code   RO         1794    i.dali_get_DALIIN   dali.o
    0x0800fb00   0x00000014   Code   RO         1795    i.dali_get_DALIOUT  dali.o
    0x0800fb14   0x0000000c   Code   RO         1796    i.dali_get_flag     dali.o
    0x0800fb20   0x00000034   Code   RO         1797    i.dali_receive_data  dali.o
    0x0800fb54   0x000000c4   Code   RO         1798    i.dali_receive_tick  dali.o
    0x0800fc18   0x000000a8   Code   RO         1800    i.dali_send_tick    dali.o
    0x0800fcc0   0x0000001c   Code   RO         1801    i.dali_set_DALIOUT  dali.o
    0x0800fcdc   0x00000034   Code   RO          941    i.delay_init        delay.o
    0x0800fd10   0x0000003c   Code   RO          942    i.delay_ms          delay.o
    0x0800fd4c   0x00000044   Code   RO          946    i.delay_us          delay.o
    0x0800fd90   0x00000050   Code   RO         5344    i.fifo_get          fifo.o
    0x0800fde0   0x00000048   Code   RO         5345    i.fifo_init         fifo.o
    0x0800fe28   0x00000040   Code   RO         5346    i.fifo_put          fifo.o
    0x0800fe68   0x0000005a   Code   RO          298    i.find_str          common.o
    0x0800fec2   0x00000002   PAD
    0x0800fec4   0x00000018   Code   RO         1232    i.fputc             usart.o
    0x0800fedc   0x00000068   Code   RO          299    i.get_str1          common.o
    0x0800ff44   0x000000ac   Code   RO            1    i.main              main.o
    0x0800fff0   0x00000040   Code   RO         5371    i.mem_free          malloc.o
    0x08010030   0x00000028   Code   RO         5372    i.mem_init          malloc.o
    0x08010058   0x00000060   Code   RO         5373    i.mem_malloc        malloc.o
    0x080100b8   0x0000002c   Code   RO         5374    i.mem_perused       malloc.o
    0x080100e4   0x00000026   Code   RO         5440    i.memb_alloc        memb.o
    0x0801010a   0x0000002c   Code   RO         5441    i.memb_free         memb.o
    0x08010136   0x0000001c   Code   RO         5442    i.memb_init         memb.o
    0x08010152   0x00000002   PAD
    0x08010154   0x00000014   Code   RO         5375    i.myfree            malloc.o
    0x08010168   0x0000001c   Code   RO         5376    i.mymalloc          malloc.o
    0x08010184   0x0000000c   Code   RO         5378    i.mymemset          malloc.o
    0x08010190   0x0000005a   Code   RO         5563    i.nbiot_atoi        utils.o
    0x080101ea   0x00000006   Code   RO          947    i.nbiot_sleep       delay.o
    0x080101f0   0x00000018   Code   RO         5539    i.nbiot_udp_recv    socket.o
    0x08010208   0x00000054   Code   RO         1908    i.netif_rx          bcxx.o
    0x0801025c   0x00000034   Code   RO         6020    i.prvAddCurrentTaskToDelayedList  tasks.o
    0x08010290   0x00000058   Code   RO         6021    i.prvCheckTasksWaitingTermination  tasks.o
    0x080102e8   0x00000026   Code   RO         5848    i.prvCopyDataFromQueue  queue.o
    0x0801030e   0x0000006e   Code   RO         5849    i.prvCopyDataToQueue  queue.o
    0x0801037c   0x00000028   Code   RO         6022    i.prvIdleTask       tasks.o
    0x080103a4   0x00000020   Code   RO         6024    i.prvResetNextTaskUnblockTime  tasks.o
    0x080103c4   0x00000020   Code   RO         5778    i.prvTaskExitError  port.o
    0x080103e4   0x00000064   Code   RO         5850    i.prvUnlockQueue    queue.o
    0x08010448   0x00000018   Code   RO         6027    i.pvTaskIncrementMutexHeldCount  tasks.o
    0x08010460   0x00000020   Code   RO         5779    i.pxPortInitialiseStack  port.o
    0x08010480   0x00000010   Code   RO         2082    i.register_cmd_handler  at_cmd.o
    0x08010490   0x0000000e   Code   RO         5470    i.ringbuf_clear     ringbuf.o
    0x0801049e   0x0000000c   Code   RO         5471    i.ringbuf_elements  ringbuf.o
    0x080104aa   0x0000000e   Code   RO         5473    i.ringbuf_init      ringbuf.o
    0x080104b8   0x00000024   Code   RO         5474    i.ringbuf_put       ringbuf.o
    0x080104dc   0x00000018   Code   RO          302    i.search_str        common.o
    0x080104f4   0x00000024   Code   RO         5741    i.uxListRemove      list.o
    0x08010518   0x00000016   Code   RO         5742    i.vListInitialise   list.o
    0x0801052e   0x00000006   Code   RO         5743    i.vListInitialiseItem  list.o
    0x08010534   0x00000030   Code   RO         5744    i.vListInsert       list.o
    0x08010564   0x00000018   Code   RO         5745    i.vListInsertEnd    list.o
    0x0801057c   0x00000048   Code   RO         5781    i.vPortEnterCritical  port.o
    0x080105c4   0x00000028   Code   RO         5782    i.vPortExitCritical  port.o
    0x080105ec   0x00000020   Code   RO         5783    i.vPortSetupTimerInterrupt  port.o
    0x0801060c   0x00000068   Code   RO         6036    i.vTaskDelay        tasks.o
    0x08010674   0x00000128   Code   RO          722    i.vTaskHCI          task_hci.o
    0x0801079c   0x0000006c   Code   RO          703    i.vTaskLED          task_led.o
    0x08010808   0x0000009c   Code   RO          819    i.vTaskMAIN         task_main.o
    0x080108a4   0x0000000c   Code   RO         6040    i.vTaskMissedYield  tasks.o
    0x080108b0   0x00000068   Code   RO          780    i.vTaskNET          task_net.o
    0x08010918   0x00000064   Code   RO         6042    i.vTaskPlaceOnEventList  tasks.o
    0x0801097c   0x00000084   Code   RO         6044    i.vTaskPriorityInherit  tasks.o
    0x08010a00   0x00000280   Code   RO          745    i.vTaskSENSOR       task_sensor.o
    0x08010c80   0x00000024   Code   RO         6048    i.vTaskSetTimeOutState  tasks.o
    0x08010ca4   0x00000068   Code   RO         6049    i.vTaskStartScheduler  tasks.o
    0x08010d0c   0x00000010   Code   RO         6051    i.vTaskSuspendAll   tasks.o
    0x08010d1c   0x0000005c   Code   RO         6052    i.vTaskSwitchContext  tasks.o
    0x08010d78   0x0000007c   Code   RO         5786    i.xPortStartScheduler  port.o
    0x08010df4   0x0000002c   Code   RO         5787    i.xPortSysTickHandler  port.o
    0x08010e20   0x0000004a   Code   RO         5861    i.xQueueCreateMutex  queue.o
    0x08010e6a   0x00000064   Code   RO         5862    i.xQueueGenericCreate  queue.o
    0x08010ece   0x00000002   PAD
    0x08010ed0   0x00000178   Code   RO         5863    i.xQueueGenericReceive  queue.o
    0x08011048   0x00000084   Code   RO         5864    i.xQueueGenericReset  queue.o
    0x080110cc   0x00000164   Code   RO         5865    i.xQueueGenericSend  queue.o
    0x08011230   0x0000006c   Code   RO         6053    i.xTaskCheckForTimeOut  tasks.o
    0x0801129c   0x000001cc   Code   RO         6054    i.xTaskGenericCreate  tasks.o
    0x08011468   0x0000001c   Code   RO         6058    i.xTaskGetSchedulerState  tasks.o
    0x08011484   0x000000cc   Code   RO         6061    i.xTaskIncrementTick  tasks.o
    0x08011550   0x00000098   Code   RO         6064    i.xTaskPriorityDisinherit  tasks.o
    0x080115e8   0x00000074   Code   RO         6065    i.xTaskRemoveFromEventList  tasks.o
    0x0801165c   0x000000c4   Code   RO         6067    i.xTaskResumeAll    tasks.o
    0x08011720   0x0000002c   Code   RO         6607    locale$$code        c_w.l(lc_ctype_c.o)
    0x0801174c   0x0000002c   Code   RO         6610    locale$$code        c_w.l(lc_numeric_c.o)
    0x08011778   0x0000000c   Code   RO         6544    x$fpl$dretinf       fz_ws.l(dretinf.o)
    0x08011784   0x00000056   Code   RO         6450    x$fpl$f2d           fz_ws.l(f2d.o)
    0x080117da   0x00000002   PAD
    0x080117dc   0x000000c4   Code   RO         6452    x$fpl$fadd          fz_ws.l(faddsub_clz.o)
    0x080118a0   0x00000184   Code   RO         6459    x$fpl$fdiv          fz_ws.l(fdiv.o)
    0x08011a24   0x00000036   Code   RO         6462    x$fpl$ffix          fz_ws.l(ffix.o)
    0x08011a5a   0x00000002   PAD
    0x08011a5c   0x0000003e   Code   RO         6466    x$fpl$ffixu         fz_ws.l(ffixu.o)
    0x08011a9a   0x00000002   PAD
    0x08011a9c   0x00000030   Code   RO         6471    x$fpl$fflt          fz_ws.l(fflt_clz.o)
    0x08011acc   0x00000026   Code   RO         6470    x$fpl$ffltu         fz_ws.l(fflt_clz.o)
    0x08011af2   0x00000002   PAD
    0x08011af4   0x00000102   Code   RO         6476    x$fpl$fmul          fz_ws.l(fmul.o)
    0x08011bf6   0x0000008c   Code   RO         6546    x$fpl$fnaninf       fz_ws.l(fnaninf.o)
    0x08011c82   0x0000000a   Code   RO         6548    x$fpl$fretinf       fz_ws.l(fretinf.o)
    0x08011c8c   0x000000ea   Code   RO         6454    x$fpl$fsub          fz_ws.l(faddsub_clz.o)
    0x08011d76   0x00000004   Code   RO         6478    x$fpl$printf1       fz_ws.l(printf1.o)
    0x08011d7a   0x00000000   Code   RO         6550    x$fpl$usenofp       fz_ws.l(usenofp.o)
    0x08011d7a   0x00000018   Data   RO         1166    .constdata          rtc.o
    0x08011d92   0x00000028   Data   RO         6359    .constdata          c_w.l(_printf_hex_int.o)
    0x08011dba   0x00000011   Data   RO         6389    .constdata          c_w.l(__printf_flags_wp.o)
    0x08011dcb   0x0000000c   Data   RO         6498    .constdata          c_w.l(_monlen.o)
    0x08011dd7   0x00000001   PAD
    0x08011dd8   0x00000094   Data   RO         6578    .constdata          c_w.l(bigflt0.o)
    0x08011e6c   0x00000020   Data   RO         6705    Region$$Table       anon$$obj.o
    0x08011e8c   0x00000110   Data   RO         6606    locale$$data        c_w.l(lc_ctype_c.o)
    0x08011f9c   0x0000001c   Data   RO         6609    locale$$data        c_w.l(lc_numeric_c.o)


    Execution Region RW_IRAM1 (Base: 0x20000000, Size: 0x0000b2d0, Max: 0x00010000, ABSOLUTE, COMPRESSED[0x00000174])

    Base Addr    Size         Type   Attr      Idx    E Section Name        Object

    0x20000000   0x00000266   Data   RW          306    .data               common.o
    0x20000266   0x00000002   PAD
    0x20000268   0x00000004   Data   RW          307    .data               common.o
    0x2000026c   0x00000004   Data   RW          308    .data               common.o
    0x20000270   0x00000004   Data   RW          309    .data               common.o
    0x20000274   0x00000004   Data   RW          310    .data               common.o
    0x20000278   0x00000001   Data   RW          313    .data               common.o
    0x20000279   0x00000001   Data   RW          315    .data               common.o
    0x2000027a   0x00000001   Data   RW          316    .data               common.o
    0x2000027b   0x00000001   PAD
    0x2000027c   0x00000004   Data   RW          317    .data               common.o
    0x20000280   0x00000004   Data   RW          704    .data               task_led.o
    0x20000284   0x00000004   Data   RW          723    .data               task_hci.o
    0x20000288   0x00000028   Data   RW          746    .data               task_sensor.o
    0x200002b0   0x00000004   Data   RW          747    .data               task_sensor.o
    0x200002b4   0x00000004   Data   RW          781    .data               task_net.o
    0x200002b8   0x00000010   Data   RW          782    .data               task_net.o
    0x200002c8   0x00000004   Data   RW          820    .data               task_main.o
    0x200002cc   0x00000002   Data   RW          821    .data               task_main.o
    0x200002ce   0x00000002   PAD
    0x200002d0   0x00000014   Data   RW          914    .data               system_stm32f10x.o
    0x200002e4   0x00000008   Data   RW          949    .data               delay.o
    0x200002ec   0x00000002   Data   RW         1167    .data               rtc.o
    0x200002ee   0x00000030   Data   RW         1234    .data               usart.o
    0x2000031e   0x00000002   PAD
    0x20000320   0x00000004   Data   RW         1235    .data               usart.o
    0x20000324   0x00000001   Data   RW         1371    .data               timer.o
    0x20000325   0x00000003   PAD
    0x20000328   0x00000010   Data   RW         1397    .data               usart2.o
    0x20000338   0x00000001   Data   RW         1398    .data               usart2.o
    0x20000339   0x00000003   PAD
    0x2000033c   0x00000004   Data   RW         1527    .data               sht2x.o
    0x20000340   0x00000004   Data   RW         1528    .data               sht2x.o
    0x20000344   0x00000004   Data   RW         1575    .data               bh1750.o
    0x20000348   0x0000000c   Data   RW         1626    .data               inventr.o
    0x20000354   0x00000004   Data   RW         1627    .data               inventr.o
    0x20000358   0x00000004   Data   RW         1628    .data               inventr.o
    0x2000035c   0x00000004   Data   RW         1629    .data               inventr.o
    0x20000360   0x00000004   Data   RW         1630    .data               inventr.o
    0x20000364   0x00000030   Data   RW         1710    .data               att7059x.o
    0x20000394   0x0000000c   Data   RW         1802    .data               dali.o
    0x200003a0   0x00000001   Data   RW         1911    .data               bcxx.o
    0x200003a1   0x00000003   PAD
    0x200003a4   0x0000000c   Data   RW         2083    .data               at_cmd.o
    0x200003b0   0x00000014   Data   RW         3705    .data               stm32f10x_rcc.o
    0x200003c4   0x00000002   Data   RW         5072    .data               net_protocol.o
    0x200003c6   0x00000001   Data   RW         5183    .data               at_protoco.o
    0x200003c7   0x00000001   PAD
    0x200003c8   0x00000008   Data   RW         5347    .data               fifo.o
    0x200003d0   0x00000014   Data   RW         5385    .data               malloc.o
    0x200003e4   0x0000000c   Data   RW         5788    .data               port.o
    0x200003f0   0x00000038   Data   RW         6070    .data               tasks.o
    0x20000428   0x00000014   Zero   RW            2    .bss                main.o
    0x2000043c   0x00000200   Zero   RW          303    .bss                common.o
    0x2000063c   0x0000000a   Zero   RW         1165    .bss                rtc.o
    0x20000646   0x00000420   Zero   RW         1233    .bss                usart.o
    0x20000a66   0x00000002   PAD
    0x20000a68   0x00000418   Zero   RW         1395    .bss                usart2.o
    0x20000e80   0x00000202   Zero   RW         1396    .bss                usart2.o
    0x20001082   0x00000002   PAD
    0x20001084   0x000000d0   Zero   RW         5182    .bss                at_protoco.o
    0x20001154   0x00008000   Zero   RW         5380    .bss                malloc.o
    0x20009154   0x00000800   Zero   RW         5381    .bss                malloc.o
    0x20009954   0x00000118   Zero   RW         6069    .bss                tasks.o
    0x20009a6c   0x00000060   Zero   RW         6621    .bss                c_w.l(libspace.o)
    0x20009acc   0x00000004   PAD
    0x20009ad0   0x00000200   Zero   RW          905    HEAP                startup_stm32f10x_hd.o
    0x20009cd0   0x00001600   Zero   RW          904    STACK               startup_stm32f10x_hd.o


==============================================================================

Image component sizes


      Code (inc. data)   RO Data    RW Data    ZI Data      Debug   Object Name

       310         16          0          0          0       2267   24cxx.o
       216         20          0         12          0       2527   at_cmd.o
      5532       1366          0          1        208      20774   at_protoco.o
       688         94          0         48          0       9009   att7059x.o
      2332        596          0          1          0      15267   bcxx.o
         0          0          0          4          0        239   bh1750.o
       120         12          0          0          0       1089   cd4051b.o
      3778        452          0        637        512      35855   common.o
         0          0          0          0          0         32   core_cm3.o
       156         18          0          0          0       1095   dac.o
       532         34          0         12          0       5106   dali.o
       214         24          0          8          0       3323   delay.o
         0          0          0          0          0       8112   event_groups.o
       216         14          0          8          0       2373   fifo.o
       724         40          0          0          0       4262   iic1.o
      1196        106          0         28          0       4475   inventr.o
        52          8          0          0          0        479   led.o
       136          0          0          0          0       2782   list.o
       172         14          0          0         20     298538   main.o
       304         34          0         20      34816       5089   malloc.o
       110          0          0          0          0       1901   memb.o
         0          0          0          0          0       1308   memory.o
       144         20          0          0          0       1805   misc.o
      2058        130          0          2          0      10560   net_protocol.o
       538         60          0         12          0       6540   port.o
       164         14          0          0          0       1107   pwm.o
      1286         14          0          0          0       8358   queue.o
        76          0          0          0          0       2160   ringbuf.o
       980         48         24          2         10       5640   rtc.o
       308        122          0          0          0       6726   rtos_task.o
         0          0          0          8          0        267   sht2x.o
        24          0          0          0          0       1037   socket.o
        64         26        304          0       6144        756   startup_stm32f10x_hd.o
        50          8          0          0          0       2440   stm32f10x_bkp.o
        84         14          0          0          0       2099   stm32f10x_dac.o
       156         14          0          0          0       1900   stm32f10x_exti.o
       262          6          0          0          0       3790   stm32f10x_gpio.o
        42         10          0          0          0       2529   stm32f10x_it.o
        68         30          0          0          0       2218   stm32f10x_iwdg.o
        12          6          0          0          0        454   stm32f10x_pwr.o
       364         68          0         20          0       7592   stm32f10x_rcc.o
       228         50          0          0          0       5066   stm32f10x_rtc.o
       416         50          0          0          0       6484   stm32f10x_tim.o
       462         24          0          0          0       6446   stm32f10x_usart.o
       258          0          0          0          0       1517   sys.o
       248         24          0         20          0       1753   system_stm32f10x.o
       296         78          0          4          0        910   task_hci.o
       108          8          0          4          0        830   task_led.o
       704         56          0          6          0      17521   task_main.o
       532         36          0         20          0       3449   task_net.o
       640        102          0         44          0       2811   task_sensor.o
      2096        176          0         56        280      17078   tasks.o
       164          4          0          1          0       1126   timer.o
      1898        196          0         52       1056      14068   usart.o
       536         98          0         17       1562       3030   usart2.o
        90          0          0          0          0        645   utils.o

    ----------------------------------------------------------------------
     32184       4340        360       1064      44612     576614   Object Totals
         0          0         32          0          0          0   (incl. Generated)
        40          0          0         17          4          0   (incl. Padding)

    ----------------------------------------------------------------------

      Code (inc. data)   RO Data    RW Data    ZI Data      Debug   Library Member Name

        90          0          0          0          0          0   __dczerorl2.o
         8          0          0          0          0         68   __main.o
       316          6         17          0          0         92   __printf_flags_wp.o
        14          0          0          0          0         68   __printf_wp.o
        52          8          0          0          0          0   __scatter.o
        28          0          0          0          0          0   __scatter_zi.o
         0          0         12          0          0          0   _monlen.o
        44          0          0          0          0        108   _printf_char.o
        48          6          0          0          0         96   _printf_char_common.o
        36          4          0          0          0         80   _printf_char_file.o
         6          0          0          0          0          0   _printf_d.o
       120         18          0          0          0         92   _printf_dec.o
         6          0          0          0          0          0   _printf_f.o
      1056          0          0          0          0        216   _printf_fp_dec.o
       128         16          0          0          0         84   _printf_fp_infnan.o
        92          4         40          0          0         88   _printf_hex_int.o
       184          0          0          0          0         88   _printf_intcommon.o
        82          0          0          0          0        108   _printf_pad.o
         0          0          0          0          0          0   _printf_percent.o
         4          0          0          0          0          0   _printf_percent_end.o
         6          0          0          0          0          0   _printf_s.o
        82          0          0          0          0         80   _printf_str.o
         6          0          0          0          0          0   _printf_x.o
        10          0          0          0          0         68   _sputc.o
        16          0          0          0          0         68   aeabi_memset.o
       228          6        148          0          0         96   bigflt0.o
      1910        128          0          0          0        672   btod.o
        12          0          0          0          0         72   exit.o
         8          0          0          0          0         68   ferror.o
         6          0          0          0          0        152   heapauxi.o
        44         10        272          0          0         76   lc_ctype_c.o
        44         10         28          0          0         76   lc_numeric_c.o
         2          0          0          0          0          0   libinit.o
        30          0          0          0          0          0   libinit2.o
         2          0          0          0          0          0   libshutdown.o
         2          0          0          0          0          0   libshutdown2.o
         8          4          0          0         96         68   libspace.o
       138          0          0          0          0         80   lludiv10.o
        88          0          0          0          0         76   memcmp.o
       420          8          0          0          0        128   mktime.o
        24          4          0          0          0         84   noretval__2printf.o
        40          6          0          0          0         84   noretval__2sprintf.o
        16          4          0          0          0         76   rt_ctype_table.o
         8          4          0          0          0         68   rt_locale_intlibspace.o
        68          0          0          0          0         68   rt_memclr.o
        78          0          0          0          0         80   rt_memclr_w.o
       138          0          0          0          0         68   rt_memcpy_v6.o
       100          0          0          0          0         80   rt_memcpy_w.o
         0          0          0          0          0          0   rtentry.o
        12          0          0          0          0          0   rtentry2.o
         6          0          0          0          0          0   rtentry4.o
         2          0          0          0          0          0   rtexit.o
        10          0          0          0          0          0   rtexit2.o
        24          0          0          0          0         68   strcat.o
       128          0          0          0          0         68   strcmpv7m.o
        62          0          0          0          0         76   strlen.o
        36          0          0          0          0         80   strstr.o
        74          0          0          0          0         80   sys_stackheap_outer.o
        30          0          0          0          0         76   toupper.o
         2          0          0          0          0         68   use_no_semi.o
         2          0          0          0          0         68   use_no_semi_2.o
        12          0          0          0          0         68   dretinf.o
        86          4          0          0          0         84   f2d.o
       430          8          0          0          0        168   faddsub_clz.o
       388         76          0          0          0         96   fdiv.o
        54          4          0          0          0         84   ffix.o
        62          4          0          0          0         84   ffixu.o
        86          0          0          0          0        136   fflt_clz.o
       258          4          0          0          0         84   fmul.o
       140          4          0          0          0         84   fnaninf.o
        10          0          0          0          0         68   fretinf.o
         4          0          0          0          0         68   printf1.o
         0          0          0          0          0          0   usenofp.o
        40          0          0          0          0         68   fpclassify.o

    ----------------------------------------------------------------------
      7826        350        518          0        100       5252   Library Totals
        20          0          1          0          4          0   (incl. Padding)

    ----------------------------------------------------------------------

      Code (inc. data)   RO Data    RW Data    ZI Data      Debug   Library Name

      6236        246        517          0         96       4160   c_w.l
      1530        104          0          0          0       1024   fz_ws.l
        40          0          0          0          0         68   m_ws.l

    ----------------------------------------------------------------------
      7826        350        518          0        100       5252   Library Totals

    ----------------------------------------------------------------------

==============================================================================


      Code (inc. data)   RO Data    RW Data    ZI Data      Debug   

     40010       4690        878       1064      44712     561066   Grand Totals
     40010       4690        878        372      44712     561066   ELF Image Totals (compressed)
     40010       4690        878        372          0          0   ROM Totals

==============================================================================

    Total RO  Size (Code + RO Data)                40888 (  39.93kB)
    Total RW  Size (RW Data + ZI Data)             45776 (  44.70kB)
    Total ROM Size (Code + RO Data + RW Data)      41260 (  40.29kB)

==============================================================================

